Archive member included to satisfy reference by file (symbol)

c:/program files (x86)/atollic/truestudio for stm32 9.3.0/armtools/bin/../lib/gcc/arm-atollic-eabi/6.3.1/../../../../arm-atollic-eabi/lib/armv7e-m/fpu\libc_nano.a(lib_a-errno.o)
                              Core\Src\syscalls.o (__errno)
c:/program files (x86)/atollic/truestudio for stm32 9.3.0/armtools/bin/../lib/gcc/arm-atollic-eabi/6.3.1/../../../../arm-atollic-eabi/lib/armv7e-m/fpu\libc_nano.a(lib_a-impure.o)
                              c:/program files (x86)/atollic/truestudio for stm32 9.3.0/armtools/bin/../lib/gcc/arm-atollic-eabi/6.3.1/../../../../arm-atollic-eabi/lib/armv7e-m/fpu\libc_nano.a(lib_a-errno.o) (_impure_ptr)
c:/program files (x86)/atollic/truestudio for stm32 9.3.0/armtools/bin/../lib/gcc/arm-atollic-eabi/6.3.1/../../../../arm-atollic-eabi/lib/armv7e-m/fpu\libc_nano.a(lib_a-init.o)
                              startup\startup_stm32f446xx.o (__libc_init_array)
c:/program files (x86)/atollic/truestudio for stm32 9.3.0/armtools/bin/../lib/gcc/arm-atollic-eabi/6.3.1/../../../../arm-atollic-eabi/lib/armv7e-m/fpu\libc_nano.a(lib_a-memcpy-stub.o)
                              Core\Src\TJ_MPU6050.o (memcpy)
c:/program files (x86)/atollic/truestudio for stm32 9.3.0/armtools/bin/../lib/gcc/arm-atollic-eabi/6.3.1/../../../../arm-atollic-eabi/lib/armv7e-m/fpu\libc_nano.a(lib_a-memset.o)
                              Core\Src\main.o (memset)
c:/program files (x86)/atollic/truestudio for stm32 9.3.0/armtools/bin/../lib/gcc/arm-atollic-eabi/6.3.1/../../../../arm-atollic-eabi/lib/armv7e-m/fpu\libc_nano.a(lib_a-printf.o)
                              Core\Src\main.o (printf)
c:/program files (x86)/atollic/truestudio for stm32 9.3.0/armtools/bin/../lib/gcc/arm-atollic-eabi/6.3.1/../../../../arm-atollic-eabi/lib/armv7e-m/fpu\libc_nano.a(lib_a-sprintf.o)
                              Core\Src\main.o (sprintf)
c:/program files (x86)/atollic/truestudio for stm32 9.3.0/armtools/bin/../lib/gcc/arm-atollic-eabi/6.3.1/../../../../arm-atollic-eabi/lib/armv7e-m/fpu\libc_nano.a(lib_a-strlen.o)
                              Core\Src\main.o (strlen)
c:/program files (x86)/atollic/truestudio for stm32 9.3.0/armtools/bin/../lib/gcc/arm-atollic-eabi/6.3.1/../../../../arm-atollic-eabi/lib/armv7e-m/fpu\libc_nano.a(lib_a-findfp.o)
                              c:/program files (x86)/atollic/truestudio for stm32 9.3.0/armtools/bin/../lib/gcc/arm-atollic-eabi/6.3.1/../../../../arm-atollic-eabi/lib/armv7e-m/fpu\libc_nano.a(lib_a-printf.o) (__sinit)
c:/program files (x86)/atollic/truestudio for stm32 9.3.0/armtools/bin/../lib/gcc/arm-atollic-eabi/6.3.1/../../../../arm-atollic-eabi/lib/armv7e-m/fpu\libc_nano.a(lib_a-fwalk.o)
                              c:/program files (x86)/atollic/truestudio for stm32 9.3.0/armtools/bin/../lib/gcc/arm-atollic-eabi/6.3.1/../../../../arm-atollic-eabi/lib/armv7e-m/fpu\libc_nano.a(lib_a-findfp.o) (_fwalk)
c:/program files (x86)/atollic/truestudio for stm32 9.3.0/armtools/bin/../lib/gcc/arm-atollic-eabi/6.3.1/../../../../arm-atollic-eabi/lib/armv7e-m/fpu\libc_nano.a(lib_a-nano-mallocr.o)
                              c:/program files (x86)/atollic/truestudio for stm32 9.3.0/armtools/bin/../lib/gcc/arm-atollic-eabi/6.3.1/../../../../arm-atollic-eabi/lib/armv7e-m/fpu\libc_nano.a(lib_a-findfp.o) (_malloc_r)
c:/program files (x86)/atollic/truestudio for stm32 9.3.0/armtools/bin/../lib/gcc/arm-atollic-eabi/6.3.1/../../../../arm-atollic-eabi/lib/armv7e-m/fpu\libc_nano.a(lib_a-nano-svfprintf.o)
                              c:/program files (x86)/atollic/truestudio for stm32 9.3.0/armtools/bin/../lib/gcc/arm-atollic-eabi/6.3.1/../../../../arm-atollic-eabi/lib/armv7e-m/fpu\libc_nano.a(lib_a-sprintf.o) (_svfprintf_r)
c:/program files (x86)/atollic/truestudio for stm32 9.3.0/armtools/bin/../lib/gcc/arm-atollic-eabi/6.3.1/../../../../arm-atollic-eabi/lib/armv7e-m/fpu\libc_nano.a(lib_a-nano-vfprintf.o)
                              c:/program files (x86)/atollic/truestudio for stm32 9.3.0/armtools/bin/../lib/gcc/arm-atollic-eabi/6.3.1/../../../../arm-atollic-eabi/lib/armv7e-m/fpu\libc_nano.a(lib_a-printf.o) (_vfprintf_r)
c:/program files (x86)/atollic/truestudio for stm32 9.3.0/armtools/bin/../lib/gcc/arm-atollic-eabi/6.3.1/../../../../arm-atollic-eabi/lib/armv7e-m/fpu\libc_nano.a(lib_a-nano-vfprintf_i.o)
                              c:/program files (x86)/atollic/truestudio for stm32 9.3.0/armtools/bin/../lib/gcc/arm-atollic-eabi/6.3.1/../../../../arm-atollic-eabi/lib/armv7e-m/fpu\libc_nano.a(lib_a-nano-svfprintf.o) (_printf_i)
c:/program files (x86)/atollic/truestudio for stm32 9.3.0/armtools/bin/../lib/gcc/arm-atollic-eabi/6.3.1/../../../../arm-atollic-eabi/lib/armv7e-m/fpu\libc_nano.a(lib_a-sbrkr.o)
                              c:/program files (x86)/atollic/truestudio for stm32 9.3.0/armtools/bin/../lib/gcc/arm-atollic-eabi/6.3.1/../../../../arm-atollic-eabi/lib/armv7e-m/fpu\libc_nano.a(lib_a-nano-mallocr.o) (_sbrk_r)
[...]
Memory Configuration

Name             Origin             Length             Attributes
RAM              0x20000000         0x00020000         xrw
FLASH            0x08000000         0x00080000         xr
*default*        0x00000000         0xffffffff

Linker script and memory map

LOAD c:/program files (x86)/atollic/truestudio for stm32 9.3.0/armtools/bin/../lib/gcc/arm-atollic-eabi/6.3.1/armv7e-m/fpu/crti.o
LOAD c:/program files (x86)/atollic/truestudio for stm32 9.3.0/armtools/bin/../lib/gcc/arm-atollic-eabi/6.3.1/armv7e-m/fpu/crtbegin.o
LOAD Core\Src\TJ_MPU6050.o
LOAD Core\Src\main.o
LOAD Core\Src\stm32f4xx_hal_msp.o
LOAD Core\Src\stm32f4xx_it.o
LOAD Core\Src\syscalls.o
LOAD Core\Src\system_stm32f4xx.o
LOAD Drivers\STM32F4xx_HAL_Driver\Src\stm32f4xx_hal.o
LOAD Drivers\STM32F4xx_HAL_Driver\Src\stm32f4xx_hal_adc.o
LOAD Drivers\STM32F4xx_HAL_Driver\Src\stm32f4xx_hal_adc_ex.o
LOAD Drivers\STM32F4xx_HAL_Driver\Src\stm32f4xx_hal_cortex.o
LOAD Drivers\STM32F4xx_HAL_Driver\Src\stm32f4xx_hal_dma.o
LOAD Drivers\STM32F4xx_HAL_Driver\Src\stm32f4xx_hal_dma_ex.o
LOAD Drivers\STM32F4xx_HAL_Driver\Src\stm32f4xx_hal_exti.o
LOAD Drivers\STM32F4xx_HAL_Driver\Src\stm32f4xx_hal_flash.o
LOAD Drivers\STM32F4xx_HAL_Driver\Src\stm32f4xx_hal_flash_ex.o
LOAD Drivers\STM32F4xx_HAL_Driver\Src\stm32f4xx_hal_flash_ramfunc.o
LOAD Drivers\STM32F4xx_HAL_Driver\Src\stm32f4xx_hal_gpio.o
LOAD Drivers\STM32F4xx_HAL_Driver\Src\stm32f4xx_hal_i2c.o
LOAD Drivers\STM32F4xx_HAL_Driver\Src\stm32f4xx_hal_i2c_ex.o
LOAD Drivers\STM32F4xx_HAL_Driver\Src\stm32f4xx_hal_pwr.o
LOAD Drivers\STM32F4xx_HAL_Driver\Src\stm32f4xx_hal_pwr_ex.o
LOAD Drivers\STM32F4xx_HAL_Driver\Src\stm32f4xx_hal_rcc.o
LOAD Drivers\STM32F4xx_HAL_Driver\Src\stm32f4xx_hal_rcc_ex.o
LOAD Drivers\STM32F4xx_HAL_Driver\Src\stm32f4xx_hal_tim.o
LOAD Drivers\STM32F4xx_HAL_Driver\Src\stm32f4xx_hal_tim_ex.o
LOAD Drivers\STM32F4xx_HAL_Driver\Src\stm32f4xx_hal_uart.o
LOAD startup\startup_stm32f446xx.o
                0x00000080                malloc_getpagesize_P = 0x80
START GROUP
LOAD c:/program files (x86)/atollic/truestudio for stm32 9.3.0/armtools/bin/../lib/gcc/arm-atollic-eabi/6.3.1/../../../../arm-atollic-eabi/lib/armv7e-m/fpu\libc_nano.a
LOAD c:/program files (x86)/atollic/truestudio for stm32 9.3.0/armtools/bin/../lib/gcc/arm-atollic-eabi/6.3.1/../../../../arm-atollic-eabi/lib/armv7e-m/fpu\libm.a
END GROUP
START GROUP
LOAD c:/program files (x86)/atollic/truestudio for stm32 9.3.0/armtools/bin/../lib/gcc/arm-atollic-eabi/6.3.1/armv7e-m/fpu\libgcc.a
LOAD c:/program files (x86)/atollic/truestudio for stm32 9.3.0/armtools/bin/../lib/gcc/arm-atollic-eabi/6.3.1/../../../../arm-atollic-eabi/lib/armv7e-m/fpu\libc_nano.a
END GROUP
START GROUP
LOAD c:/program files (x86)/atollic/truestudio for stm32 9.3.0/armtools/bin/../lib/gcc/arm-atollic-eabi/6.3.1/armv7e-m/fpu\libgcc.a
LOAD c:/program files (x86)/atollic/truestudio for stm32 9.3.0/armtools/bin/../lib/gcc/arm-atollic-eabi/6.3.1/../../../../arm-atollic-eabi/lib/armv7e-m/fpu\libc_nano.a
LOAD c:/program files (x86)/atollic/truestudio for stm32 9.3.0/armtools/bin/../lib/gcc/arm-atollic-eabi/6.3.1/../../../../arm-atollic-eabi/lib/armv7e-m/fpu\libnosys.a
END GROUP
START GROUP
LOAD c:/program files (x86)/atollic/truestudio for stm32 9.3.0/armtools/bin/../lib/gcc/arm-atollic-eabi/6.3.1/armv7e-m/fpu\libgcc.a
LOAD c:/program files (x86)/atollic/truestudio for stm32 9.3.0/armtools/bin/../lib/gcc/arm-atollic-eabi/6.3.1/../../../../arm-atollic-eabi/lib/armv7e-m/fpu\libc_nano.a
LOAD c:/program files (x86)/atollic/truestudio for stm32 9.3.0/armtools/bin/../lib/gcc/arm-atollic-eabi/6.3.1/../../../../arm-atollic-eabi/lib/armv7e-m/fpu\libnosys.a
END GROUP
LOAD c:/program files (x86)/atollic/truestudio for stm32 9.3.0/armtools/bin/../lib/gcc/arm-atollic-eabi/6.3.1/armv7e-m/fpu/crtend.o
LOAD c:/program files (x86)/atollic/truestudio for stm32 9.3.0/armtools/bin/../lib/gcc/arm-atollic-eabi/6.3.1/armv7e-m/fpu/crtn.o
                0x20020000                _estack = 0x20020000
                0x00000200                _Min_Heap_Size = 0x200
                0x00000400                _Min_Stack_Size = 0x400

.isr_vector     0x08000000      0x1c4
                0x08000000                . = ALIGN (0x4)
 *(.isr_vector)
 .isr_vector    0x08000000      0x1c4 startup\startup_stm32f446xx.o
                0x08000000                g_pfnVectors
                0x080001c4                . = ALIGN (0x4)

.text           0x080001d0     0xc544
                0x080001d0                . = ALIGN (0x4)
 *(.text)
 .text          0x080001d0       0x40 c:/program files (x86)/atollic/truestudio for stm32 9.3.0/armtools/bin/../lib/gcc/arm-atollic-eabi/6.3.1/armv7e-m/fpu/crtbegin.o
 .text          0x08000210       0x10 c:/program files (x86)/atollic/truestudio for stm32 9.3.0/armtools/bin/../lib/gcc/arm-atollic-eabi/6.3.1/../../../../arm-atollic-eabi/lib/armv7e-m/fpu\libc_nano.a(lib_a-strlen.o)
                0x08000210                strlen
 .text          0x08000220       0xa0 c:/program files (x86)/atollic/truestudio for stm32 9.3.0/armtools/bin/../lib/gcc/arm-atollic-eabi/6.3.1/../../../../arm-atollic-eabi/lib/armv7e-m/fpu\libc_nano.a(lib_a-memchr.o)
                0x08000220                memchr
 .text          0x080002c0      0x370 c:/program files (x86)/atollic/truestudio for stm32 9.3.0/armtools/bin/../lib/gcc/arm-atollic-eabi/6.3.1/armv7e-m/fpu\libgcc.a(_arm_addsubdf3.o)
                0x080002c0                __aeabi_drsub
                0x080002c8                __aeabi_dsub
                0x080002c8                __subdf3
                0x080002cc                __aeabi_dadd
                0x080002cc                __adddf3
                0x08000544                __floatunsidf
                0x08000544                __aeabi_ui2d
                0x08000564                __floatsidf
                0x08000564                __aeabi_i2d
                0x08000588                __aeabi_f2d
                0x08000588                __extendsfdf2
                0x080005c4                __floatundidf
                0x080005c4                __aeabi_ul2d
                0x080005d4                __floatdidf
                0x080005d4                __aeabi_l2d
 .text          0x08000630      0x424 c:/program files (x86)/atollic/truestudio for stm32 9.3.0/armtools/bin/../lib/gcc/arm-atollic-eabi/6.3.1/armv7e-m/fpu\libgcc.a(_arm_muldivdf3.o)
                0x08000630                __aeabi_dmul
                0x08000630                __muldf3
                0x08000884                __divdf3
                0x08000884                __aeabi_ddiv
 .text          0x08000a54       0xa0 c:/program files (x86)/atollic/truestudio for stm32 9.3.0/armtools/bin/../lib/gcc/arm-atollic-eabi/6.3.1/armv7e-m/fpu\libgcc.a(_arm_truncdfsf2.o)
                0x08000a54                __truncdfsf2
                0x08000a54                __aeabi_d2f
 .text          0x08000af4       0x30 c:/program files (x86)/atollic/truestudio for stm32 9.3.0/armtools/bin/../lib/gcc/arm-atollic-eabi/6.3.1/armv7e-m/fpu\libgcc.a(_aeabi_uldivmod.o)
                0x08000af4                __aeabi_uldivmod
 .text          0x08000b24      0x2dc c:/program files (x86)/atollic/truestudio for stm32 9.3.0/armtools/bin/../lib/gcc/arm-atollic-eabi/6.3.1/armv7e-m/fpu\libgcc.a(_udivmoddi4.o)
                0x08000b24                __udivmoddi4
 .text          0x08000e00        0x4 c:/program files (x86)/atollic/truestudio for stm32 9.3.0/armtools/bin/../lib/gcc/arm-atollic-eabi/6.3.1/armv7e-m/fpu\libgcc.a(_dvmd_tls.o)
                0x08000e00                __aeabi_idiv0
                0x08000e00                __aeabi_ldiv0
 *(.text*)
 .text.MPU6050_Init
                0x08000e04       0x20 Core\Src\TJ_MPU6050.o
                0x08000e04                MPU6050_Init
 .text.I2C_Read
                0x08000e24       0x50 Core\Src\TJ_MPU6050.o
                0x08000e24                I2C_Read
 .text.I2C_Write8
                0x08000e74       0x3c Core\Src\TJ_MPU6050.o
                0x08000e74                I2C_Write8
 .text.MPU6050_Config
                0x08000eb0      0x150 Core\Src\TJ_MPU6050.o
                0x08000eb0                MPU6050_Config
 .text.MPU6050_Set_SMPRT_DIV
                0x08001000       0x1c Core\Src\TJ_MPU6050.o
                0x08001000                MPU6050_Set_SMPRT_DIV
 .text.MPU6050_Get_Accel_RawData
                0x0800101c       0xcc Core\Src\TJ_MPU6050.o
                0x0800101c                MPU6050_Get_Accel_RawData
 .text.MPU6050_Get_Accel_Scale
                0x080010e8       0x90 Core\Src\TJ_MPU6050.o
                0x080010e8                MPU6050_Get_Accel_Scale
 .text.MPU6050_Get_Gyro_RawData
                0x08001178       0x38 Core\Src\TJ_MPU6050.o
                0x08001178                MPU6050_Get_Gyro_RawData
 .text.MPU6050_Get_Gyro_Scale
                0x080011b0       0x74 Core\Src\TJ_MPU6050.o
                0x080011b0                MPU6050_Get_Gyro_Scale
 .text.HAL_UART_RxCpltCallback
                0x08001224       0x38 Core\Src\main.o
                0x08001224                HAL_UART_RxCpltCallback
 .text.main     0x0800125c     0x2908 Core\Src\main.o
                0x0800125c                main
 .text.SystemClock_Config
                0x08003b64       0xd8 Core\Src\main.o
                0x08003b64                SystemClock_Config
 .text.MX_ADC1_Init
                0x08003c3c       0x98 Core\Src\main.o
 .text.MX_I2C2_Init
                0x08003cd4       0x5c Core\Src\main.o
 .text.MX_TIM1_Init
                0x08003d30       0xf4 Core\Src\main.o
 .text.MX_TIM2_Init
                0x08003e24       0xe0 Core\Src\main.o
 .text.MX_TIM3_Init
                0x08003f04       0xec Core\Src\main.o
 .text.MX_TIM4_Init
                0x08003ff0       0xec Core\Src\main.o
 .text.MX_TIM5_Init
                0x080040dc       0xe0 Core\Src\main.o
 .text.MX_TIM8_Init
                0x080041bc       0xf4 Core\Src\main.o
 .text.MX_TIM10_Init
                0x080042b0       0x9c Core\Src\main.o
 .text.MX_TIM11_Init
                0x0800434c       0x9c Core\Src\main.o
 .text.MX_TIM13_Init
                0x080043e8       0x9c Core\Src\main.o
 .text.MX_USART1_UART_Init
                0x08004484       0x54 Core\Src\main.o
 .text.MX_USART2_UART_Init
                0x080044d8       0x54 Core\Src\main.o
 .text.MX_DMA_Init
                0x0800452c       0x40 Core\Src\main.o
 .text.MX_GPIO_Init
                0x0800456c      0x154 Core\Src\main.o
 .text.readUltrasonicDistance
                0x080046c0      0x17c Core\Src\main.o
                0x080046c0                readUltrasonicDistance
 *fill*         0x0800483c        0x4 
 .text.HAL_TIM_IC_CaptureCallback
                0x08004840      0x524 Core\Src\main.o
                0x08004840                HAL_TIM_IC_CaptureCallback
 .text.HAL_GPIO_EXTI_Callback
                0x08004d64       0x30 Core\Src\main.o
                0x08004d64                HAL_GPIO_EXTI_Callback
 .text.positionScan
                0x08004d94      0x3f4 Core\Src\main.o
                0x08004d94                positionScan
 .text.moveForward
                0x08005188       0x3c Core\Src\main.o
                0x08005188                moveForward
 .text.stop     0x080051c4       0x3c Core\Src\main.o
                0x080051c4                stop
 .text.moveReverse
                0x08005200       0x3c Core\Src\main.o
                0x08005200                moveReverse
 .text.turnRightTrack
                0x0800523c       0x3c Core\Src\main.o
                0x0800523c                turnRightTrack
 .text.turnRightTrackReverse
                0x08005278       0x3c Core\Src\main.o
                0x08005278                turnRightTrackReverse
 .text.turnLeftTrackReverse
                0x080052b4       0x3c Core\Src\main.o
                0x080052b4                turnLeftTrackReverse
 .text.UARTposition
                0x080052f0      0x1ec Core\Src\main.o
                0x080052f0                UARTposition
 .text.UARTContaminationNOTFound
                0x080054dc       0x30 Core\Src\main.o
                0x080054dc                UARTContaminationNOTFound
 .text.readContamination
                0x0800550c      0x138 Core\Src\main.o
                0x0800550c                readContamination
 .text.readAccelerometer
                0x08005644       0x90 Core\Src\main.o
                0x08005644                readAccelerometer
 .text.cleaningAction
                0x080056d4        0xc Core\Src\main.o
                0x080056d4                cleaningAction
 .text.Error_Handler
                0x080056e0        0xe Core\Src\main.o
                0x080056e0                Error_Handler
 *fill*         0x080056ee        0x2 
 .text.HAL_MspInit
                0x080056f0       0x50 Core\Src\stm32f4xx_hal_msp.o
                0x080056f0                HAL_MspInit
 .text.HAL_ADC_MspInit
                0x08005740       0xf8 Core\Src\stm32f4xx_hal_msp.o
                0x08005740                HAL_ADC_MspInit
 .text.HAL_I2C_MspInit
                0x08005838       0x90 Core\Src\stm32f4xx_hal_msp.o
                0x08005838                HAL_I2C_MspInit
 .text.HAL_TIM_Base_MspInit
                0x080058c8      0x348 Core\Src\stm32f4xx_hal_msp.o
                0x080058c8                HAL_TIM_Base_MspInit
 .text.HAL_TIM_MspPostInit
                0x08005c10      0x114 Core\Src\stm32f4xx_hal_msp.o
                0x08005c10                HAL_TIM_MspPostInit
 .text.HAL_UART_MspInit
                0x08005d24      0x1b0 Core\Src\stm32f4xx_hal_msp.o
                0x08005d24                HAL_UART_MspInit
 .text.NMI_Handler
                0x08005ed4        0xe Core\Src\stm32f4xx_it.o
                0x08005ed4                NMI_Handler
 .text.HardFault_Handler
                0x08005ee2        0x6 Core\Src\stm32f4xx_it.o
                0x08005ee2                HardFault_Handler
 .text.MemManage_Handler
                0x08005ee8        0x6 Core\Src\stm32f4xx_it.o
                0x08005ee8                MemManage_Handler
 .text.BusFault_Handler
                0x08005eee        0x6 Core\Src\stm32f4xx_it.o
                0x08005eee                BusFault_Handler
 .text.UsageFault_Handler
                0x08005ef4        0x6 Core\Src\stm32f4xx_it.o
                0x08005ef4                UsageFault_Handler
 .text.SVC_Handler
                0x08005efa        0xe Core\Src\stm32f4xx_it.o
                0x08005efa                SVC_Handler
 .text.DebugMon_Handler
                0x08005f08        0xe Core\Src\stm32f4xx_it.o
                0x08005f08                DebugMon_Handler
 .text.PendSV_Handler
                0x08005f16        0xe Core\Src\stm32f4xx_it.o
                0x08005f16                PendSV_Handler
 .text.SysTick_Handler
                0x08005f24        0xc Core\Src\stm32f4xx_it.o
                0x08005f24                SysTick_Handler
 .text.TIM2_IRQHandler
                0x08005f30       0x14 Core\Src\stm32f4xx_it.o
                0x08005f30                TIM2_IRQHandler
 .text.USART1_IRQHandler
                0x08005f44       0x14 Core\Src\stm32f4xx_it.o
                0x08005f44                USART1_IRQHandler
 .text.EXTI15_10_IRQHandler
                0x08005f58       0x10 Core\Src\stm32f4xx_it.o
                0x08005f58                EXTI15_10_IRQHandler
 .text.TIM5_IRQHandler
                0x08005f68       0x14 Core\Src\stm32f4xx_it.o
                0x08005f68                TIM5_IRQHandler
 .text.DMA2_Stream2_IRQHandler
                0x08005f7c       0x14 Core\Src\stm32f4xx_it.o
                0x08005f7c                DMA2_Stream2_IRQHandler
 .text._read    0x08005f90       0x3a Core\Src\syscalls.o
                0x08005f90                _read
 .text._write   0x08005fca       0x38 Core\Src\syscalls.o
                0x08005fca                _write
 *fill*         0x08006002        0x2 
 .text._sbrk    0x08006004       0x58 Core\Src\syscalls.o
                0x08006004                _sbrk
 .text._close   0x0800605c       0x18 Core\Src\syscalls.o
                0x0800605c                _close
 .text._fstat   0x08006074       0x20 Core\Src\syscalls.o
                0x08006074                _fstat
 .text._isatty  0x08006094       0x16 Core\Src\syscalls.o
                0x08006094                _isatty
 .text._lseek   0x080060aa       0x1a Core\Src\syscalls.o
                0x080060aa                _lseek
 .text.SystemInit
                0x080060c4       0x2c Core\Src\system_stm32f4xx.o
                0x080060c4                SystemInit
 .text.HAL_Init
                0x080060f0       0x44 Drivers\STM32F4xx_HAL_Driver\Src\stm32f4xx_hal.o
                0x080060f0                HAL_Init
 .text.HAL_InitTick
                0x08006134       0x60 Drivers\STM32F4xx_HAL_Driver\Src\stm32f4xx_hal.o
                0x08006134                HAL_InitTick
 .text.HAL_IncTick
                0x08006194       0x28 Drivers\STM32F4xx_HAL_Driver\Src\stm32f4xx_hal.o
                0x08006194                HAL_IncTick
 .text.HAL_GetTick
                0x080061bc       0x18 Drivers\STM32F4xx_HAL_Driver\Src\stm32f4xx_hal.o
                0x080061bc                HAL_GetTick
 .text.HAL_Delay
                0x080061d4       0x44 Drivers\STM32F4xx_HAL_Driver\Src\stm32f4xx_hal.o
                0x080061d4                HAL_Delay
 .text.HAL_ADC_Init
                0x08006218       0x86 Drivers\STM32F4xx_HAL_Driver\Src\stm32f4xx_hal_adc.o
                0x08006218                HAL_ADC_Init
 *fill*         0x0800629e        0x2 
 .text.HAL_ADC_Start
                0x080062a0      0x18c Drivers\STM32F4xx_HAL_Driver\Src\stm32f4xx_hal_adc.o
                0x080062a0                HAL_ADC_Start
 .text.HAL_ADC_PollForConversion
                0x0800642c      0x108 Drivers\STM32F4xx_HAL_Driver\Src\stm32f4xx_hal_adc.o
                0x0800642c                HAL_ADC_PollForConversion
 .text.HAL_ADC_GetValue
                0x08006534       0x1a Drivers\STM32F4xx_HAL_Driver\Src\stm32f4xx_hal_adc.o
                0x08006534                HAL_ADC_GetValue
 *fill*         0x0800654e        0x2 
 .text.HAL_ADC_ConfigChannel
                0x08006550      0x268 Drivers\STM32F4xx_HAL_Driver\Src\stm32f4xx_hal_adc.o
                0x08006550                HAL_ADC_ConfigChannel
 .text.ADC_Init
                0x080067b8      0x1f8 Drivers\STM32F4xx_HAL_Driver\Src\stm32f4xx_hal_adc.o
 .text.__NVIC_SetPriorityGrouping
                0x080069b0       0x48 Drivers\STM32F4xx_HAL_Driver\Src\stm32f4xx_hal_cortex.o
 .text.__NVIC_GetPriorityGrouping
                0x080069f8       0x1c Drivers\STM32F4xx_HAL_Driver\Src\stm32f4xx_hal_cortex.o
 .text.__NVIC_EnableIRQ
                0x08006a14       0x3c Drivers\STM32F4xx_HAL_Driver\Src\stm32f4xx_hal_cortex.o
 .text.__NVIC_SetPriority
                0x08006a50       0x54 Drivers\STM32F4xx_HAL_Driver\Src\stm32f4xx_hal_cortex.o
 .text.NVIC_EncodePriority
                0x08006aa4       0x62 Drivers\STM32F4xx_HAL_Driver\Src\stm32f4xx_hal_cortex.o
 *fill*         0x08006b06        0x2 
 .text.SysTick_Config
                0x08006b08       0x44 Drivers\STM32F4xx_HAL_Driver\Src\stm32f4xx_hal_cortex.o
 .text.HAL_NVIC_SetPriorityGrouping
                0x08006b4c       0x16 Drivers\STM32F4xx_HAL_Driver\Src\stm32f4xx_hal_cortex.o
                0x08006b4c                HAL_NVIC_SetPriorityGrouping
 .text.HAL_NVIC_SetPriority
                0x08006b62       0x38 Drivers\STM32F4xx_HAL_Driver\Src\stm32f4xx_hal_cortex.o
                0x08006b62                HAL_NVIC_SetPriority
 .text.HAL_NVIC_EnableIRQ
                0x08006b9a       0x1c Drivers\STM32F4xx_HAL_Driver\Src\stm32f4xx_hal_cortex.o
                0x08006b9a                HAL_NVIC_EnableIRQ
 .text.HAL_SYSTICK_Config
                0x08006bb6       0x18 Drivers\STM32F4xx_HAL_Driver\Src\stm32f4xx_hal_cortex.o
                0x08006bb6                HAL_SYSTICK_Config
 *fill*         0x08006bce        0x2 
 .text.HAL_DMA_Init
                0x08006bd0      0x15c Drivers\STM32F4xx_HAL_Driver\Src\stm32f4xx_hal_dma.o
                0x08006bd0                HAL_DMA_Init
 .text.HAL_DMA_Start_IT
                0x08006d2c       0xb0 Drivers\STM32F4xx_HAL_Driver\Src\stm32f4xx_hal_dma.o
                0x08006d2c                HAL_DMA_Start_IT
 .text.HAL_DMA_Abort_IT
                0x08006ddc       0x44 Drivers\STM32F4xx_HAL_Driver\Src\stm32f4xx_hal_dma.o
                0x08006ddc                HAL_DMA_Abort_IT
 .text.HAL_DMA_IRQHandler
                0x08006e20      0x314 Drivers\STM32F4xx_HAL_Driver\Src\stm32f4xx_hal_dma.o
                0x08006e20                HAL_DMA_IRQHandler
 .text.DMA_SetConfig
                0x08007134       0x5c Drivers\STM32F4xx_HAL_Driver\Src\stm32f4xx_hal_dma.o
 .text.DMA_CalcBaseAndBitshift
                0x08007190       0x6c Drivers\STM32F4xx_HAL_Driver\Src\stm32f4xx_hal_dma.o
 .text.DMA_CheckFifoParam
                0x080071fc       0xf4 Drivers\STM32F4xx_HAL_Driver\Src\stm32f4xx_hal_dma.o
 .text.HAL_GPIO_Init
                0x080072f0      0x324 Drivers\STM32F4xx_HAL_Driver\Src\stm32f4xx_hal_gpio.o
                0x080072f0                HAL_GPIO_Init
 .text.HAL_GPIO_WritePin
                0x08007614       0x32 Drivers\STM32F4xx_HAL_Driver\Src\stm32f4xx_hal_gpio.o
                0x08007614                HAL_GPIO_WritePin
 *fill*         0x08007646        0x2 
 .text.HAL_GPIO_EXTI_IRQHandler
                0x08007648       0x30 Drivers\STM32F4xx_HAL_Driver\Src\stm32f4xx_hal_gpio.o
                0x08007648                HAL_GPIO_EXTI_IRQHandler
 .text.HAL_I2C_Init
                0x08007678      0x270 Drivers\STM32F4xx_HAL_Driver\Src\stm32f4xx_hal_i2c.o
                0x08007678                HAL_I2C_Init
 .text.HAL_I2C_Master_Transmit
                0x080078e8      0x1fc Drivers\STM32F4xx_HAL_Driver\Src\stm32f4xx_hal_i2c.o
                0x080078e8                HAL_I2C_Master_Transmit
 .text.HAL_I2C_Master_Receive
                0x08007ae4      0x44c Drivers\STM32F4xx_HAL_Driver\Src\stm32f4xx_hal_i2c.o
                0x08007ae4                HAL_I2C_Master_Receive
 .text.I2C_MasterRequestWrite
                0x08007f30      0x104 Drivers\STM32F4xx_HAL_Driver\Src\stm32f4xx_hal_i2c.o
 .text.I2C_MasterRequestRead
                0x08008034      0x19c Drivers\STM32F4xx_HAL_Driver\Src\stm32f4xx_hal_i2c.o
 .text.I2C_WaitOnFlagUntilTimeout
                0x080081d0       0xae Drivers\STM32F4xx_HAL_Driver\Src\stm32f4xx_hal_i2c.o
 .text.I2C_WaitOnMasterAddressFlagUntilTimeout
                0x0800827e       0xfe Drivers\STM32F4xx_HAL_Driver\Src\stm32f4xx_hal_i2c.o
 .text.I2C_WaitOnTXEFlagUntilTimeout
                0x0800837c       0x82 Drivers\STM32F4xx_HAL_Driver\Src\stm32f4xx_hal_i2c.o
 .text.I2C_WaitOnBTFFlagUntilTimeout
                0x080083fe       0x82 Drivers\STM32F4xx_HAL_Driver\Src\stm32f4xx_hal_i2c.o
 .text.I2C_WaitOnRXNEFlagUntilTimeout
                0x08008480       0xac Drivers\STM32F4xx_HAL_Driver\Src\stm32f4xx_hal_i2c.o
 .text.I2C_IsAcknowledgeFailed
                0x0800852c       0x5e Drivers\STM32F4xx_HAL_Driver\Src\stm32f4xx_hal_i2c.o
 *fill*         0x0800858a        0x2 
 .text.HAL_RCC_ClockConfig
                0x0800858c      0x1cc Drivers\STM32F4xx_HAL_Driver\Src\stm32f4xx_hal_rcc.o
                0x0800858c                HAL_RCC_ClockConfig
 .text.HAL_RCC_GetHCLKFreq
                0x08008758       0x18 Drivers\STM32F4xx_HAL_Driver\Src\stm32f4xx_hal_rcc.o
                0x08008758                HAL_RCC_GetHCLKFreq
 .text.HAL_RCC_GetPCLK1Freq
                0x08008770       0x28 Drivers\STM32F4xx_HAL_Driver\Src\stm32f4xx_hal_rcc.o
                0x08008770                HAL_RCC_GetPCLK1Freq
 .text.HAL_RCC_GetPCLK2Freq
                0x08008798       0x28 Drivers\STM32F4xx_HAL_Driver\Src\stm32f4xx_hal_rcc.o
                0x08008798                HAL_RCC_GetPCLK2Freq
 .text.HAL_RCC_GetSysClockFreq
                0x080087c0      0x36c Drivers\STM32F4xx_HAL_Driver\Src\stm32f4xx_hal_rcc_ex.o
                0x080087c0                HAL_RCC_GetSysClockFreq
 .text.HAL_RCC_OscConfig
                0x08008b2c      0x4b4 Drivers\STM32F4xx_HAL_Driver\Src\stm32f4xx_hal_rcc_ex.o
                0x08008b2c                HAL_RCC_OscConfig
 .text.HAL_TIM_Base_Init
                0x08008fe0       0x56 Drivers\STM32F4xx_HAL_Driver\Src\stm32f4xx_hal_tim.o
                0x08008fe0                HAL_TIM_Base_Init
 .text.HAL_TIM_Base_Start
                0x08009036       0x48 Drivers\STM32F4xx_HAL_Driver\Src\stm32f4xx_hal_tim.o
                0x08009036                HAL_TIM_Base_Start
 .text.HAL_TIM_PWM_Init
                0x0800907e       0x56 Drivers\STM32F4xx_HAL_Driver\Src\stm32f4xx_hal_tim.o
                0x0800907e                HAL_TIM_PWM_Init
 .text.HAL_TIM_PWM_MspInit
                0x080090d4       0x14 Drivers\STM32F4xx_HAL_Driver\Src\stm32f4xx_hal_tim.o
                0x080090d4                HAL_TIM_PWM_MspInit
 .text.HAL_TIM_PWM_Start
                0x080090e8       0x7c Drivers\STM32F4xx_HAL_Driver\Src\stm32f4xx_hal_tim.o
                0x080090e8                HAL_TIM_PWM_Start
 .text.HAL_TIM_IC_Init
                0x08009164       0x56 Drivers\STM32F4xx_HAL_Driver\Src\stm32f4xx_hal_tim.o
                0x08009164                HAL_TIM_IC_Init
 .text.HAL_TIM_IC_MspInit
                0x080091ba       0x14 Drivers\STM32F4xx_HAL_Driver\Src\stm32f4xx_hal_tim.o
                0x080091ba                HAL_TIM_IC_MspInit
 .text.HAL_TIM_IC_Start
                0x080091ce       0x44 Drivers\STM32F4xx_HAL_Driver\Src\stm32f4xx_hal_tim.o
                0x080091ce                HAL_TIM_IC_Start
 *fill*         0x08009212        0x2 
 .text.HAL_TIM_IC_Start_IT
                0x08009214       0xd0 Drivers\STM32F4xx_HAL_Driver\Src\stm32f4xx_hal_tim.o
                0x08009214                HAL_TIM_IC_Start_IT
 .text.HAL_TIM_IRQHandler
                0x080092e4      0x210 Drivers\STM32F4xx_HAL_Driver\Src\stm32f4xx_hal_tim.o
                0x080092e4                HAL_TIM_IRQHandler
 .text.HAL_TIM_IC_ConfigChannel
                0x080094f4      0x138 Drivers\STM32F4xx_HAL_Driver\Src\stm32f4xx_hal_tim.o
                0x080094f4                HAL_TIM_IC_ConfigChannel
 .text.HAL_TIM_PWM_ConfigChannel
                0x0800962c      0x18c Drivers\STM32F4xx_HAL_Driver\Src\stm32f4xx_hal_tim.o
                0x0800962c                HAL_TIM_PWM_ConfigChannel
 .text.HAL_TIM_ConfigClockSource
                0x080097b8      0x16e Drivers\STM32F4xx_HAL_Driver\Src\stm32f4xx_hal_tim.o
                0x080097b8                HAL_TIM_ConfigClockSource
 .text.HAL_TIM_SlaveConfigSynchro
                0x08009926       0x84 Drivers\STM32F4xx_HAL_Driver\Src\stm32f4xx_hal_tim.o
                0x08009926                HAL_TIM_SlaveConfigSynchro
 *fill*         0x080099aa        0x2 
 .text.HAL_TIM_ReadCapturedValue
                0x080099ac       0x88 Drivers\STM32F4xx_HAL_Driver\Src\stm32f4xx_hal_tim.o
                0x080099ac                HAL_TIM_ReadCapturedValue
 .text.HAL_TIM_PeriodElapsedCallback
                0x08009a34       0x14 Drivers\STM32F4xx_HAL_Driver\Src\stm32f4xx_hal_tim.o
                0x08009a34                HAL_TIM_PeriodElapsedCallback
 .text.HAL_TIM_OC_DelayElapsedCallback
                0x08009a48       0x14 Drivers\STM32F4xx_HAL_Driver\Src\stm32f4xx_hal_tim.o
                0x08009a48                HAL_TIM_OC_DelayElapsedCallback
 .text.HAL_TIM_PWM_PulseFinishedCallback
                0x08009a5c       0x14 Drivers\STM32F4xx_HAL_Driver\Src\stm32f4xx_hal_tim.o
                0x08009a5c                HAL_TIM_PWM_PulseFinishedCallback
 .text.HAL_TIM_TriggerCallback
                0x08009a70       0x14 Drivers\STM32F4xx_HAL_Driver\Src\stm32f4xx_hal_tim.o
                0x08009a70                HAL_TIM_TriggerCallback
 .text.TIM_Base_SetConfig
                0x08009a84      0x140 Drivers\STM32F4xx_HAL_Driver\Src\stm32f4xx_hal_tim.o
                0x08009a84                TIM_Base_SetConfig
 .text.TIM_OC1_SetConfig
                0x08009bc4       0xe0 Drivers\STM32F4xx_HAL_Driver\Src\stm32f4xx_hal_tim.o
 .text.TIM_OC2_SetConfig
                0x08009ca4       0xec Drivers\STM32F4xx_HAL_Driver\Src\stm32f4xx_hal_tim.o
                0x08009ca4                TIM_OC2_SetConfig
 .text.TIM_OC3_SetConfig
                0x08009d90       0xe8 Drivers\STM32F4xx_HAL_Driver\Src\stm32f4xx_hal_tim.o
 .text.TIM_OC4_SetConfig
                0x08009e78       0xac Drivers\STM32F4xx_HAL_Driver\Src\stm32f4xx_hal_tim.o
 .text.TIM_SlaveTimer_SetConfig
                0x08009f24      0x10c Drivers\STM32F4xx_HAL_Driver\Src\stm32f4xx_hal_tim.o
 .text.TIM_TI1_SetConfig
                0x0800a030       0xe8 Drivers\STM32F4xx_HAL_Driver\Src\stm32f4xx_hal_tim.o
                0x0800a030                TIM_TI1_SetConfig
 .text.TIM_TI1_ConfigInputStage
                0x0800a118       0x5e Drivers\STM32F4xx_HAL_Driver\Src\stm32f4xx_hal_tim.o
 .text.TIM_TI2_SetConfig
                0x0800a176       0x7a Drivers\STM32F4xx_HAL_Driver\Src\stm32f4xx_hal_tim.o
 .text.TIM_TI2_ConfigInputStage
                0x0800a1f0       0x60 Drivers\STM32F4xx_HAL_Driver\Src\stm32f4xx_hal_tim.o
 .text.TIM_TI3_SetConfig
                0x0800a250       0x78 Drivers\STM32F4xx_HAL_Driver\Src\stm32f4xx_hal_tim.o
 .text.TIM_TI4_SetConfig
                0x0800a2c8       0x7a Drivers\STM32F4xx_HAL_Driver\Src\stm32f4xx_hal_tim.o
 .text.TIM_ITRx_SetConfig
                0x0800a342       0x36 Drivers\STM32F4xx_HAL_Driver\Src\stm32f4xx_hal_tim.o
 .text.TIM_ETR_SetConfig
                0x0800a378       0x40 Drivers\STM32F4xx_HAL_Driver\Src\stm32f4xx_hal_tim.o
                0x0800a378                TIM_ETR_SetConfig
 .text.TIM_CCxChannelCmd
                0x0800a3b8       0x4a Drivers\STM32F4xx_HAL_Driver\Src\stm32f4xx_hal_tim.o
                0x0800a3b8                TIM_CCxChannelCmd
 *fill*         0x0800a402        0x2 
 .text.HAL_TIMEx_MasterConfigSynchronization
                0x0800a404       0xf8 Drivers\STM32F4xx_HAL_Driver\Src\stm32f4xx_hal_tim_ex.o
                0x0800a404                HAL_TIMEx_MasterConfigSynchronization
 .text.HAL_TIMEx_CommutCallback
                0x0800a4fc       0x14 Drivers\STM32F4xx_HAL_Driver\Src\stm32f4xx_hal_tim_ex.o
                0x0800a4fc                HAL_TIMEx_CommutCallback
 .text.HAL_TIMEx_BreakCallback
                0x0800a510       0x14 Drivers\STM32F4xx_HAL_Driver\Src\stm32f4xx_hal_tim_ex.o
                0x0800a510                HAL_TIMEx_BreakCallback
 .text.HAL_UART_Init
                0x0800a524       0x9a Drivers\STM32F4xx_HAL_Driver\Src\stm32f4xx_hal_uart.o
                0x0800a524                HAL_UART_Init
 .text.HAL_UART_Transmit
                0x0800a5be      0x130 Drivers\STM32F4xx_HAL_Driver\Src\stm32f4xx_hal_uart.o
                0x0800a5be                HAL_UART_Transmit
 *fill*         0x0800a6ee        0x2 
 .text.HAL_UART_Receive_DMA
                0x0800a6f0      0x100 Drivers\STM32F4xx_HAL_Driver\Src\stm32f4xx_hal_uart.o
                0x0800a6f0                HAL_UART_Receive_DMA
 .text.HAL_UART_IRQHandler
                0x0800a7f0      0x200 Drivers\STM32F4xx_HAL_Driver\Src\stm32f4xx_hal_uart.o
                0x0800a7f0                HAL_UART_IRQHandler
 .text.HAL_UART_TxCpltCallback
                0x0800a9f0       0x14 Drivers\STM32F4xx_HAL_Driver\Src\stm32f4xx_hal_uart.o
                0x0800a9f0                HAL_UART_TxCpltCallback
 .text.HAL_UART_RxHalfCpltCallback
                0x0800aa04       0x14 Drivers\STM32F4xx_HAL_Driver\Src\stm32f4xx_hal_uart.o
                0x0800aa04                HAL_UART_RxHalfCpltCallback
 .text.HAL_UART_ErrorCallback
                0x0800aa18       0x14 Drivers\STM32F4xx_HAL_Driver\Src\stm32f4xx_hal_uart.o
                0x0800aa18                HAL_UART_ErrorCallback
 .text.UART_DMAReceiveCplt
                0x0800aa2c       0x68 Drivers\STM32F4xx_HAL_Driver\Src\stm32f4xx_hal_uart.o
 .text.UART_DMARxHalfCplt
                0x0800aa94       0x1c Drivers\STM32F4xx_HAL_Driver\Src\stm32f4xx_hal_uart.o
 .text.UART_DMAError
                0x0800aab0       0x94 Drivers\STM32F4xx_HAL_Driver\Src\stm32f4xx_hal_uart.o
 .text.UART_WaitOnFlagUntilTimeout
                0x0800ab44       0x94 Drivers\STM32F4xx_HAL_Driver\Src\stm32f4xx_hal_uart.o
 .text.UART_EndTxTransfer
                0x0800abd8       0x2c Drivers\STM32F4xx_HAL_Driver\Src\stm32f4xx_hal_uart.o
 .text.UART_EndRxTransfer
                0x0800ac04       0x3c Drivers\STM32F4xx_HAL_Driver\Src\stm32f4xx_hal_uart.o
 .text.UART_DMAAbortOnError
                0x0800ac40       0x28 Drivers\STM32F4xx_HAL_Driver\Src\stm32f4xx_hal_uart.o
 .text.UART_Transmit_IT
                0x0800ac68       0xaa Drivers\STM32F4xx_HAL_Driver\Src\stm32f4xx_hal_uart.o
 .text.UART_EndTransmit_IT
                0x0800ad12       0x30 Drivers\STM32F4xx_HAL_Driver\Src\stm32f4xx_hal_uart.o
 .text.UART_Receive_IT
                0x0800ad42      0x102 Drivers\STM32F4xx_HAL_Driver\Src\stm32f4xx_hal_uart.o
 .text.UART_SetConfig
                0x0800ae44      0x67c Drivers\STM32F4xx_HAL_Driver\Src\stm32f4xx_hal_uart.o
 .text.Reset_Handler
                0x0800b4c0       0x50 startup\startup_stm32f446xx.o
                0x0800b4c0                Reset_Handler
 .text.Default_Handler
                0x0800b510        0x2 startup\startup_stm32f446xx.o
                0x0800b510                RTC_Alarm_IRQHandler
                0x0800b510                EXTI2_IRQHandler
                0x0800b510                TIM8_CC_IRQHandler
                0x0800b510                FMPI2C1_EV_IRQHandler
                0x0800b510                SPI4_IRQHandler
                0x0800b510                TIM1_CC_IRQHandler
                0x0800b510                DMA2_Stream5_IRQHandler
                0x0800b510                DMA1_Stream5_IRQHandler
                0x0800b510                PVD_IRQHandler
                0x0800b510                SDIO_IRQHandler
                0x0800b510                TAMP_STAMP_IRQHandler
                0x0800b510                CAN2_RX1_IRQHandler
                0x0800b510                EXTI3_IRQHandler
                0x0800b510                TIM8_TRG_COM_TIM14_IRQHandler
                0x0800b510                TIM1_UP_TIM10_IRQHandler
                0x0800b510                TIM8_UP_TIM13_IRQHandler
                0x0800b510                I2C3_ER_IRQHandler
                0x0800b510                EXTI0_IRQHandler
                0x0800b510                I2C2_EV_IRQHandler
                0x0800b510                DMA1_Stream2_IRQHandler
                0x0800b510                CAN1_RX0_IRQHandler
                0x0800b510                FPU_IRQHandler
                0x0800b510                OTG_HS_WKUP_IRQHandler
                0x0800b510                CAN2_SCE_IRQHandler
                0x0800b510                SPI1_IRQHandler
                0x0800b510                TIM6_DAC_IRQHandler
                0x0800b510                TIM1_BRK_TIM9_IRQHandler
                0x0800b510                DCMI_IRQHandler
                0x0800b510                CAN2_RX0_IRQHandler
                0x0800b510                DMA2_Stream3_IRQHandler
                0x0800b510                SAI2_IRQHandler
                0x0800b510                USART6_IRQHandler
                0x0800b510                USART3_IRQHandler
                0x0800b510                CAN1_RX1_IRQHandler
                0x0800b510                UART5_IRQHandler
                0x0800b510                DMA2_Stream0_IRQHandler
                0x0800b510                TIM4_IRQHandler
                0x0800b510                QUADSPI_IRQHandler
                0x0800b510                I2C1_EV_IRQHandler
                0x0800b510                DMA1_Stream6_IRQHandler
                0x0800b510                DMA1_Stream1_IRQHandler
                0x0800b510                UART4_IRQHandler
                0x0800b510                TIM3_IRQHandler
                0x0800b510                RCC_IRQHandler
                0x0800b510                TIM8_BRK_TIM12_IRQHandler
                0x0800b510                Default_Handler
                0x0800b510                CEC_IRQHandler
                0x0800b510                ADC_IRQHandler
                0x0800b510                DMA1_Stream7_IRQHandler
                0x0800b510                TIM7_IRQHandler
                0x0800b510                CAN2_TX_IRQHandler
                0x0800b510                DMA2_Stream7_IRQHandler
                0x0800b510                I2C3_EV_IRQHandler
                0x0800b510                EXTI9_5_IRQHandler
                0x0800b510                RTC_WKUP_IRQHandler
                0x0800b510                SPDIF_RX_IRQHandler
                0x0800b510                SPI2_IRQHandler
                0x0800b510                OTG_HS_EP1_IN_IRQHandler
                0x0800b510                DMA1_Stream0_IRQHandler
                0x0800b510                CAN1_TX_IRQHandler
                0x0800b510                FMPI2C1_ER_IRQHandler
                0x0800b510                EXTI4_IRQHandler
                0x0800b510                OTG_HS_EP1_OUT_IRQHandler
                0x0800b510                WWDG_IRQHandler
                0x0800b510                OTG_FS_WKUP_IRQHandler
                0x0800b510                TIM1_TRG_COM_TIM11_IRQHandler
                0x0800b510                OTG_HS_IRQHandler
                0x0800b510                EXTI1_IRQHandler
                0x0800b510                USART2_IRQHandler
                0x0800b510                I2C2_ER_IRQHandler
                0x0800b510                DMA2_Stream1_IRQHandler
                0x0800b510                CAN1_SCE_IRQHandler
                0x0800b510                FLASH_IRQHandler
                0x0800b510                DMA2_Stream4_IRQHandler
                0x0800b510                OTG_FS_IRQHandler
                0x0800b510                SPI3_IRQHandler
                0x0800b510                DMA1_Stream4_IRQHandler
                0x0800b510                I2C1_ER_IRQHandler
                0x0800b510                FMC_IRQHandler
                0x0800b510                DMA2_Stream6_IRQHandler
                0x0800b510                SAI1_IRQHandler
                0x0800b510                DMA1_Stream3_IRQHandler
 *fill*         0x0800b512        0x2 
 .text.__errno  0x0800b514        0xc c:/program files (x86)/atollic/truestudio for stm32 9.3.0/armtools/bin/../lib/gcc/arm-atollic-eabi/6.3.1/../../../../arm-atollic-eabi/lib/armv7e-m/fpu\libc_nano.a(lib_a-errno.o)
                0x0800b514                __errno
 .text.__libc_init_array
                0x0800b520       0x48 c:/program files (x86)/atollic/truestudio for stm32 9.3.0/armtools/bin/../lib/gcc/arm-atollic-eabi/6.3.1/../../../../arm-atollic-eabi/lib/armv7e-m/fpu\libc_nano.a(lib_a-init.o)
                0x0800b520                __libc_init_array
 .text.memcpy   0x0800b568       0x16 c:/program files (x86)/atollic/truestudio for stm32 9.3.0/armtools/bin/../lib/gcc/arm-atollic-eabi/6.3.1/../../../../arm-atollic-eabi/lib/armv7e-m/fpu\libc_nano.a(lib_a-memcpy-stub.o)
                0x0800b568                memcpy
 .text.memset   0x0800b57e       0x10 c:/program files (x86)/atollic/truestudio for stm32 9.3.0/armtools/bin/../lib/gcc/arm-atollic-eabi/6.3.1/../../../../arm-atollic-eabi/lib/armv7e-m/fpu\libc_nano.a(lib_a-memset.o)
                0x0800b57e                memset
 *fill*         0x0800b58e        0x2 
 .text.printf   0x0800b590       0x30 c:/program files (x86)/atollic/truestudio for stm32 9.3.0/armtools/bin/../lib/gcc/arm-atollic-eabi/6.3.1/../../../../arm-atollic-eabi/lib/armv7e-m/fpu\libc_nano.a(lib_a-printf.o)
                0x0800b590                iprintf
                0x0800b590                printf
 .text.sprintf  0x0800b5c0       0x48 c:/program files (x86)/atollic/truestudio for stm32 9.3.0/armtools/bin/../lib/gcc/arm-atollic-eabi/6.3.1/../../../../arm-atollic-eabi/lib/armv7e-m/fpu\libc_nano.a(lib_a-sprintf.o)
                0x0800b5c0                siprintf
                0x0800b5c0                sprintf
 .text._cleanup_r
                0x0800b608        0xc c:/program files (x86)/atollic/truestudio for stm32 9.3.0/armtools/bin/../lib/gcc/arm-atollic-eabi/6.3.1/../../../../arm-atollic-eabi/lib/armv7e-m/fpu\libc_nano.a(lib_a-findfp.o)
                0x0800b608                _cleanup_r
 .text.std.isra.0
                0x0800b614       0x48 c:/program files (x86)/atollic/truestudio for stm32 9.3.0/armtools/bin/../lib/gcc/arm-atollic-eabi/6.3.1/../../../../arm-atollic-eabi/lib/armv7e-m/fpu\libc_nano.a(lib_a-findfp.o)
 .text.__sfmoreglue
                0x0800b65c       0x2c c:/program files (x86)/atollic/truestudio for stm32 9.3.0/armtools/bin/../lib/gcc/arm-atollic-eabi/6.3.1/../../../../arm-atollic-eabi/lib/armv7e-m/fpu\libc_nano.a(lib_a-findfp.o)
                0x0800b65c                __sfmoreglue
 .text.__sinit  0x0800b688       0x60 c:/program files (x86)/atollic/truestudio for stm32 9.3.0/armtools/bin/../lib/gcc/arm-atollic-eabi/6.3.1/../../../../arm-atollic-eabi/lib/armv7e-m/fpu\libc_nano.a(lib_a-findfp.o)
                0x0800b688                __sinit
 .text.__sfp    0x0800b6e8       0x78 c:/program files (x86)/atollic/truestudio for stm32 9.3.0/armtools/bin/../lib/gcc/arm-atollic-eabi/6.3.1/../../../../arm-atollic-eabi/lib/armv7e-m/fpu\libc_nano.a(lib_a-findfp.o)
                0x0800b6e8                __sfp
 .text._fwalk_reent
                0x0800b760       0x3c c:/program files (x86)/atollic/truestudio for stm32 9.3.0/armtools/bin/../lib/gcc/arm-atollic-eabi/6.3.1/../../../../arm-atollic-eabi/lib/armv7e-m/fpu\libc_nano.a(lib_a-fwalk.o)
                0x0800b760                _fwalk_reent
 .text._malloc_r
                0x0800b79c       0xbc c:/program files (x86)/atollic/truestudio for stm32 9.3.0/armtools/bin/../lib/gcc/arm-atollic-eabi/6.3.1/../../../../arm-atollic-eabi/lib/armv7e-m/fpu\libc_nano.a(lib_a-nano-mallocr.o)
                0x0800b79c                _malloc_r
 .text.__ssputs_r
                0x0800b858       0xb6 c:/program files (x86)/atollic/truestudio for stm32 9.3.0/armtools/bin/../lib/gcc/arm-atollic-eabi/6.3.1/../../../../arm-atollic-eabi/lib/armv7e-m/fpu\libc_nano.a(lib_a-nano-svfprintf.o)
                0x0800b858                __ssputs_r
 *fill*         0x0800b90e        0x2 
 .text._svfprintf_r
                0x0800b910      0x1e8 c:/program files (x86)/atollic/truestudio for stm32 9.3.0/armtools/bin/../lib/gcc/arm-atollic-eabi/6.3.1/../../../../arm-atollic-eabi/lib/armv7e-m/fpu\libc_nano.a(lib_a-nano-svfprintf.o)
                0x0800b910                _svfiprintf_r
                0x0800b910                _svfprintf_r
 .text.__sfputc_r
                0x0800baf8       0x30 c:/program files (x86)/atollic/truestudio for stm32 9.3.0/armtools/bin/../lib/gcc/arm-atollic-eabi/6.3.1/../../../../arm-atollic-eabi/lib/armv7e-m/fpu\libc_nano.a(lib_a-nano-vfprintf.o)
 .text.__sfputs_r
                0x0800bb28       0x24 c:/program files (x86)/atollic/truestudio for stm32 9.3.0/armtools/bin/../lib/gcc/arm-atollic-eabi/6.3.1/../../../../arm-atollic-eabi/lib/armv7e-m/fpu\libc_nano.a(lib_a-nano-vfprintf.o)
                0x0800bb28                __sfputs_r
 .text._vfprintf_r
                0x0800bb4c      0x22c c:/program files (x86)/atollic/truestudio for stm32 9.3.0/armtools/bin/../lib/gcc/arm-atollic-eabi/6.3.1/../../../../arm-atollic-eabi/lib/armv7e-m/fpu\libc_nano.a(lib_a-nano-vfprintf.o)
                0x0800bb4c                _vfprintf_r
                0x0800bb4c                _vfiprintf_r
 .text._printf_common
                0x0800bd78       0xec c:/program files (x86)/atollic/truestudio for stm32 9.3.0/armtools/bin/../lib/gcc/arm-atollic-eabi/6.3.1/../../../../arm-atollic-eabi/lib/armv7e-m/fpu\libc_nano.a(lib_a-nano-vfprintf_i.o)
                0x0800bd78                _printf_common
 .text._printf_i
                0x0800be64      0x240 c:/program files (x86)/atollic/truestudio for stm32 9.3.0/armtools/bin/../lib/gcc/arm-atollic-eabi/6.3.1/../../../../arm-atollic-eabi/lib/armv7e-m/fpu\libc_nano.a(lib_a-nano-vfprintf_i.o)
                0x0800be64                _printf_i
 .text._sbrk_r  0x0800c0a4       0x20 c:/program files (x86)/atollic/truestudio for stm32 9.3.0/armtools/bin/../lib/gcc/arm-atollic-eabi/6.3.1/../../../../arm-atollic-eabi/lib/armv7e-m/fpu\libc_nano.a(lib_a-sbrkr.o)
                0x0800c0a4                _sbrk_r
 .text.__sread  0x0800c0c4       0x22 c:/program files (x86)/atollic/truestudio for stm32 9.3.0/armtools/bin/../lib/gcc/arm-atollic-eabi/6.3.1/../../../../arm-atollic-eabi/lib/armv7e-m/fpu\libc_nano.a(lib_a-stdio.o)
                0x0800c0c4                __sread
 .text.__swrite
                0x0800c0e6       0x38 c:/program files (x86)/atollic/truestudio for stm32 9.3.0/armtools/bin/../lib/gcc/arm-atollic-eabi/6.3.1/../../../../arm-atollic-eabi/lib/armv7e-m/fpu\libc_nano.a(lib_a-stdio.o)
                0x0800c0e6                __swrite
 .text.__sseek  0x0800c11e       0x24 c:/program files (x86)/atollic/truestudio for stm32 9.3.0/armtools/bin/../lib/gcc/arm-atollic-eabi/6.3.1/../../../../arm-atollic-eabi/lib/armv7e-m/fpu\libc_nano.a(lib_a-stdio.o)
                0x0800c11e                __sseek
 .text.__sclose
                0x0800c142        0x8 c:/program files (x86)/atollic/truestudio for stm32 9.3.0/armtools/bin/../lib/gcc/arm-atollic-eabi/6.3.1/../../../../arm-atollic-eabi/lib/armv7e-m/fpu\libc_nano.a(lib_a-stdio.o)
                0x0800c142                __sclose
 *fill*         0x0800c14a        0x2 
 .text.__swbuf_r
                0x0800c14c       0xa4 c:/program files (x86)/atollic/truestudio for stm32 9.3.0/armtools/bin/../lib/gcc/arm-atollic-eabi/6.3.1/../../../../arm-atollic-eabi/lib/armv7e-m/fpu\libc_nano.a(lib_a-wbuf.o)
                0x0800c14c                __swbuf_r
 .text._write_r
                0x0800c1f0       0x24 c:/program files (x86)/atollic/truestudio for stm32 9.3.0/armtools/bin/../lib/gcc/arm-atollic-eabi/6.3.1/../../../../arm-atollic-eabi/lib/armv7e-m/fpu\libc_nano.a(lib_a-writer.o)
                0x0800c1f0                _write_r
 .text.__swsetup_r
                0x0800c214       0xdc c:/program files (x86)/atollic/truestudio for stm32 9.3.0/armtools/bin/../lib/gcc/arm-atollic-eabi/6.3.1/../../../../arm-atollic-eabi/lib/armv7e-m/fpu\libc_nano.a(lib_a-wsetup.o)
                0x0800c214                __swsetup_r
 .text._close_r
                0x0800c2f0       0x20 c:/program files (x86)/atollic/truestudio for stm32 9.3.0/armtools/bin/../lib/gcc/arm-atollic-eabi/6.3.1/../../../../arm-atollic-eabi/lib/armv7e-m/fpu\libc_nano.a(lib_a-closer.o)
                0x0800c2f0                _close_r
 .text.__sflush_r
                0x0800c310      0x110 c:/program files (x86)/atollic/truestudio for stm32 9.3.0/armtools/bin/../lib/gcc/arm-atollic-eabi/6.3.1/../../../../arm-atollic-eabi/lib/armv7e-m/fpu\libc_nano.a(lib_a-fflush.o)
                0x0800c310                __sflush_r
 .text._fflush_r
                0x0800c420       0x54 c:/program files (x86)/atollic/truestudio for stm32 9.3.0/armtools/bin/../lib/gcc/arm-atollic-eabi/6.3.1/../../../../arm-atollic-eabi/lib/armv7e-m/fpu\libc_nano.a(lib_a-fflush.o)
                0x0800c420                _fflush_r
 .text._lseek_r
                0x0800c474       0x24 c:/program files (x86)/atollic/truestudio for stm32 9.3.0/armtools/bin/../lib/gcc/arm-atollic-eabi/6.3.1/../../../../arm-atollic-eabi/lib/armv7e-m/fpu\libc_nano.a(lib_a-lseekr.o)
                0x0800c474                _lseek_r
 .text.__swhatbuf_r
                0x0800c498       0x48 c:/program files (x86)/atollic/truestudio for stm32 9.3.0/armtools/bin/../lib/gcc/arm-atollic-eabi/6.3.1/../../../../arm-atollic-eabi/lib/armv7e-m/fpu\libc_nano.a(lib_a-makebuf.o)
                0x0800c498                __swhatbuf_r
 .text.__smakebuf_r
                0x0800c4e0       0x80 c:/program files (x86)/atollic/truestudio for stm32 9.3.0/armtools/bin/../lib/gcc/arm-atollic-eabi/6.3.1/../../../../arm-atollic-eabi/lib/armv7e-m/fpu\libc_nano.a(lib_a-makebuf.o)
                0x0800c4e0                __smakebuf_r
 .text.memmove  0x0800c560       0x34 c:/program files (x86)/atollic/truestudio for stm32 9.3.0/armtools/bin/../lib/gcc/arm-atollic-eabi/6.3.1/../../../../arm-atollic-eabi/lib/armv7e-m/fpu\libc_nano.a(lib_a-memmove.o)
                0x0800c560                memmove
 .text.__malloc_lock
                0x0800c594        0x2 c:/program files (x86)/atollic/truestudio for stm32 9.3.0/armtools/bin/../lib/gcc/arm-atollic-eabi/6.3.1/../../../../arm-atollic-eabi/lib/armv7e-m/fpu\libc_nano.a(lib_a-mlock.o)
                0x0800c594                __malloc_lock
 .text.__malloc_unlock
                0x0800c596        0x2 c:/program files (x86)/atollic/truestudio for stm32 9.3.0/armtools/bin/../lib/gcc/arm-atollic-eabi/6.3.1/../../../../arm-atollic-eabi/lib/armv7e-m/fpu\libc_nano.a(lib_a-mlock.o)
                0x0800c596                __malloc_unlock
 .text._free_r  0x0800c598       0x9c c:/program files (x86)/atollic/truestudio for stm32 9.3.0/armtools/bin/../lib/gcc/arm-atollic-eabi/6.3.1/../../../../arm-atollic-eabi/lib/armv7e-m/fpu\libc_nano.a(lib_a-nano-freer.o)
                0x0800c598                _free_r
 .text._realloc_r
                0x0800c634       0x4c c:/program files (x86)/atollic/truestudio for stm32 9.3.0/armtools/bin/../lib/gcc/arm-atollic-eabi/6.3.1/../../../../arm-atollic-eabi/lib/armv7e-m/fpu\libc_nano.a(lib_a-nano-reallocr.o)
                0x0800c634                _realloc_r
 .text._read_r  0x0800c680       0x24 c:/program files (x86)/atollic/truestudio for stm32 9.3.0/armtools/bin/../lib/gcc/arm-atollic-eabi/6.3.1/../../../../arm-atollic-eabi/lib/armv7e-m/fpu\libc_nano.a(lib_a-readr.o)
                0x0800c680                _read_r
 .text._fstat_r
                0x0800c6a4       0x24 c:/program files (x86)/atollic/truestudio for stm32 9.3.0/armtools/bin/../lib/gcc/arm-atollic-eabi/6.3.1/../../../../arm-atollic-eabi/lib/armv7e-m/fpu\libc_nano.a(lib_a-fstatr.o)
                0x0800c6a4                _fstat_r
 .text._isatty_r
                0x0800c6c8       0x20 c:/program files (x86)/atollic/truestudio for stm32 9.3.0/armtools/bin/../lib/gcc/arm-atollic-eabi/6.3.1/../../../../arm-atollic-eabi/lib/armv7e-m/fpu\libc_nano.a(lib_a-isattyr.o)
                0x0800c6c8                _isatty_r
 .text._malloc_usable_size_r
                0x0800c6e8       0x12 c:/program files (x86)/atollic/truestudio for stm32 9.3.0/armtools/bin/../lib/gcc/arm-atollic-eabi/6.3.1/../../../../arm-atollic-eabi/lib/armv7e-m/fpu\libc_nano.a(lib_a-nano-msizer.o)
                0x0800c6e8                _malloc_usable_size_r
 *(.glue_7)
 .glue_7        0x0800c6fa        0x0 linker stubs
 *(.glue_7t)
 .glue_7t       0x0800c6fa        0x0 linker stubs
 *(.eh_frame)
 *fill*         0x0800c6fa        0x2 
 .eh_frame      0x0800c6fc        0x0 c:/program files (x86)/atollic/truestudio for stm32 9.3.0/armtools/bin/../lib/gcc/arm-atollic-eabi/6.3.1/armv7e-m/fpu/crtbegin.o
 *(.init)
 .init          0x0800c6fc        0x4 c:/program files (x86)/atollic/truestudio for stm32 9.3.0/armtools/bin/../lib/gcc/arm-atollic-eabi/6.3.1/armv7e-m/fpu/crti.o
                0x0800c6fc                _init
 .init          0x0800c700        0x8 c:/program files (x86)/atollic/truestudio for stm32 9.3.0/armtools/bin/../lib/gcc/arm-atollic-eabi/6.3.1/armv7e-m/fpu/crtn.o
 *(.fini)
 .fini          0x0800c708        0x4 c:/program files (x86)/atollic/truestudio for stm32 9.3.0/armtools/bin/../lib/gcc/arm-atollic-eabi/6.3.1/armv7e-m/fpu/crti.o
                0x0800c708                _fini
 .fini          0x0800c70c        0x8 c:/program files (x86)/atollic/truestudio for stm32 9.3.0/armtools/bin/../lib/gcc/arm-atollic-eabi/6.3.1/armv7e-m/fpu/crtn.o
                0x0800c714                . = ALIGN (0x4)
                0x0800c714                _etext = .

.vfp11_veneer   0x0800c714        0x0
 .vfp11_veneer  0x0800c714        0x0 linker stubs

.v4_bx          0x0800c714        0x0
 .v4_bx         0x0800c714        0x0 linker stubs

.iplt           0x0800c714        0x0
 .iplt          0x0800c714        0x0 c:/program files (x86)/atollic/truestudio for stm32 9.3.0/armtools/bin/../lib/gcc/arm-atollic-eabi/6.3.1/armv7e-m/fpu/crtbegin.o

.rodata         0x0800c714      0x254
                0x0800c714                . = ALIGN (0x4)
 *(.rodata)
 .rodata        0x0800c714      0x199 Core\Src\main.o
 *(.rodata*)
 *fill*         0x0800c8ad        0x3 
 .rodata.AHBPrescTable
                0x0800c8b0       0x10 Core\Src\system_stm32f4xx.o
                0x0800c8b0                AHBPrescTable
 .rodata.APBPrescTable
                0x0800c8c0        0x8 Core\Src\system_stm32f4xx.o
                0x0800c8c0                APBPrescTable
 .rodata.flagBitshiftOffset.8421
                0x0800c8c8        0x8 Drivers\STM32F4xx_HAL_Driver\Src\stm32f4xx_hal_dma.o
 .rodata._global_impure_ptr
                0x0800c8d0        0x4 c:/program files (x86)/atollic/truestudio for stm32 9.3.0/armtools/bin/../lib/gcc/arm-atollic-eabi/6.3.1/../../../../arm-atollic-eabi/lib/armv7e-m/fpu\libc_nano.a(lib_a-impure.o)
                0x0800c8d0                _global_impure_ptr
 .rodata.__sf_fake_stderr
                0x0800c8d4       0x20 c:/program files (x86)/atollic/truestudio for stm32 9.3.0/armtools/bin/../lib/gcc/arm-atollic-eabi/6.3.1/../../../../arm-atollic-eabi/lib/armv7e-m/fpu\libc_nano.a(lib_a-findfp.o)
                0x0800c8d4                __sf_fake_stderr
 .rodata.__sf_fake_stdin
                0x0800c8f4       0x20 c:/program files (x86)/atollic/truestudio for stm32 9.3.0/armtools/bin/../lib/gcc/arm-atollic-eabi/6.3.1/../../../../arm-atollic-eabi/lib/armv7e-m/fpu\libc_nano.a(lib_a-findfp.o)
                0x0800c8f4                __sf_fake_stdin
 .rodata.__sf_fake_stdout
                0x0800c914       0x20 c:/program files (x86)/atollic/truestudio for stm32 9.3.0/armtools/bin/../lib/gcc/arm-atollic-eabi/6.3.1/../../../../arm-atollic-eabi/lib/armv7e-m/fpu\libc_nano.a(lib_a-findfp.o)
                0x0800c914                __sf_fake_stdout
 .rodata._svfprintf_r.str1.1
                0x0800c934       0x11 c:/program files (x86)/atollic/truestudio for stm32 9.3.0/armtools/bin/../lib/gcc/arm-atollic-eabi/6.3.1/../../../../arm-atollic-eabi/lib/armv7e-m/fpu\libc_nano.a(lib_a-nano-svfprintf.o)
 .rodata._vfprintf_r.str1.1
                0x0800c945       0x11 c:/program files (x86)/atollic/truestudio for stm32 9.3.0/armtools/bin/../lib/gcc/arm-atollic-eabi/6.3.1/../../../../arm-atollic-eabi/lib/armv7e-m/fpu\libc_nano.a(lib_a-nano-vfprintf.o)
 .rodata._printf_i.str1.1
                0x0800c945       0x22 c:/program files (x86)/atollic/truestudio for stm32 9.3.0/armtools/bin/../lib/gcc/arm-atollic-eabi/6.3.1/../../../../arm-atollic-eabi/lib/armv7e-m/fpu\libc_nano.a(lib_a-nano-vfprintf_i.o)
                0x0800c968                . = ALIGN (0x4)
 *fill*         0x0800c967        0x1 

.ARM.extab
 *(.ARM.extab* .gnu.linkonce.armextab.*)

.ARM            0x0800c968        0x8
                0x0800c968                __exidx_start = .
 *(.ARM.exidx*)
 .ARM.exidx     0x0800c968        0x8 c:/program files (x86)/atollic/truestudio for stm32 9.3.0/armtools/bin/../lib/gcc/arm-atollic-eabi/6.3.1/armv7e-m/fpu\libgcc.a(_udivmoddi4.o)
                0x0800c970                __exidx_end = .

.rel.dyn        0x0800c970        0x0
 .rel.iplt      0x0800c970        0x0 c:/program files (x86)/atollic/truestudio for stm32 9.3.0/armtools/bin/../lib/gcc/arm-atollic-eabi/6.3.1/armv7e-m/fpu/crtbegin.o

.preinit_array  0x0800c970        0x0
                0x0800c970                PROVIDE (__preinit_array_start, .)
 *(.preinit_array*)
                0x0800c970                PROVIDE (__preinit_array_end, .)

.init_array     0x0800c970        0x4
                0x0800c970                PROVIDE (__init_array_start, .)
 *(SORT(.init_array.*))
 *(.init_array*)
 .init_array    0x0800c970        0x4 c:/program files (x86)/atollic/truestudio for stm32 9.3.0/armtools/bin/../lib/gcc/arm-atollic-eabi/6.3.1/armv7e-m/fpu/crtbegin.o
                0x0800c974                PROVIDE (__init_array_end, .)

.fini_array     0x0800c974        0x4
                [!provide]                PROVIDE (__fini_array_start, .)
 *(SORT(.fini_array.*))
 *(.fini_array*)
 .fini_array    0x0800c974        0x4 c:/program files (x86)/atollic/truestudio for stm32 9.3.0/armtools/bin/../lib/gcc/arm-atollic-eabi/6.3.1/armv7e-m/fpu/crtbegin.o
                [!provide]                PROVIDE (__fini_array_end, .)
                0x0800c978                _sidata = LOADADDR (.data)

.data           0x20000000       0xb4 load address 0x0800c978
                0x20000000                . = ALIGN (0x4)
                0x20000000                _sdata = .
 *(.data)
 *(.data*)
 .data.countA   0x20000000        0x4 Core\Src\main.o
                0x20000000                countA
 .data.RPMsetPointA
                0x20000004        0x4 Core\Src\main.o
                0x20000004                RPMsetPointA
 .data.widthA   0x20000008        0x4 Core\Src\main.o
                0x20000008                widthA
 .data.countB   0x2000000c        0x4 Core\Src\main.o
                0x2000000c                countB
 .data.RPMsetPointB
                0x20000010        0x4 Core\Src\main.o
                0x20000010                RPMsetPointB
 .data.widthB   0x20000014        0x4 Core\Src\main.o
                0x20000014                widthB
 .data.KpA      0x20000018        0x4 Core\Src\main.o
                0x20000018                KpA
 .data.KpB      0x2000001c        0x4 Core\Src\main.o
                0x2000001c                KpB
 .data.KI       0x20000020        0x4 Core\Src\main.o
                0x20000020                KI
 .data.Tx_data  0x20000024        0xd Core\Src\main.o
                0x20000024                Tx_data
 *fill*         0x20000031        0x3 
 .data.accThreshold
                0x20000034        0x4 Core\Src\main.o
                0x20000034                accThreshold
 .data.accThreshold_x
                0x20000038        0x4 Core\Src\main.o
                0x20000038                accThreshold_x
 .data.Frame_Threshold
                0x2000003c        0x4 Core\Src\main.o
                0x2000003c                Frame_Threshold
 .data.dayNight
                0x20000040        0x4 Core\Src\main.o
                0x20000040                dayNight
 .data.SystemCoreClock
                0x20000044        0x4 Core\Src\system_stm32f4xx.o
                0x20000044                SystemCoreClock
 .data.uwTickPrio
                0x20000048        0x4 Drivers\STM32F4xx_HAL_Driver\Src\stm32f4xx_hal.o
                0x20000048                uwTickPrio
 .data.uwTickFreq
                0x2000004c        0x1 Drivers\STM32F4xx_HAL_Driver\Src\stm32f4xx_hal.o
                0x2000004c                uwTickFreq
 *fill*         0x2000004d        0x3 
 .data._impure_ptr
                0x20000050        0x4 c:/program files (x86)/atollic/truestudio for stm32 9.3.0/armtools/bin/../lib/gcc/arm-atollic-eabi/6.3.1/../../../../arm-atollic-eabi/lib/armv7e-m/fpu\libc_nano.a(lib_a-impure.o)
                0x20000050                _impure_ptr
 .data.impure_data
                0x20000054       0x60 c:/program files (x86)/atollic/truestudio for stm32 9.3.0/armtools/bin/../lib/gcc/arm-atollic-eabi/6.3.1/../../../../arm-atollic-eabi/lib/armv7e-m/fpu\libc_nano.a(lib_a-impure.o)
                0x200000b4                . = ALIGN (0x4)
                0x200000b4                _edata = .

.igot.plt       0x200000b4        0x0 load address 0x0800ca2c
 .igot.plt      0x200000b4        0x0 c:/program files (x86)/atollic/truestudio for stm32 9.3.0/armtools/bin/../lib/gcc/arm-atollic-eabi/6.3.1/armv7e-m/fpu/crtbegin.o
                0x200000b4                . = ALIGN (0x4)

.bss            0x200000b8      0x708 load address 0x0800ca2c
                0x200000b8                _sbss = .
                0x200000b8                __bss_start__ = _sbss
 *(.bss)
 .bss           0x200000b8       0x1c c:/program files (x86)/atollic/truestudio for stm32 9.3.0/armtools/bin/../lib/gcc/arm-atollic-eabi/6.3.1/armv7e-m/fpu/crtbegin.o
 *(.bss*)
 .bss.i2cHandler
                0x200000d4       0x54 Core\Src\TJ_MPU6050.o
 .bss.accelScalingFactor
                0x20000128        0x4 Core\Src\TJ_MPU6050.o
 .bss.gyroScalingFactor
                0x2000012c        0x4 Core\Src\TJ_MPU6050.o
 .bss.GyroRW    0x20000130        0x6 Core\Src\TJ_MPU6050.o
 *fill*         0x20000136        0x2 
 .bss.input_capturesA
                0x20000138        0x8 Core\Src\main.o
                0x20000138                input_capturesA
 .bss.is_capture_doneA
                0x20000140        0x1 Core\Src\main.o
                0x20000140                is_capture_doneA
 *fill*         0x20000141        0x3 
 .bss.input_capturesB
                0x20000144        0x8 Core\Src\main.o
                0x20000144                input_capturesB
 .bss.is_capture_doneB
                0x2000014c        0x1 Core\Src\main.o
                0x2000014c                is_capture_doneB
 *fill*         0x2000014d        0x3 
 .bss.capture_differenceA
                0x20000150        0x4 Core\Src\main.o
                0x20000150                capture_differenceA
 .bss.startFlag
                0x20000154        0x1 Core\Src\main.o
                0x20000154                startFlag
 .bss.bottomRightFlag
                0x20000155        0x1 Core\Src\main.o
                0x20000155                bottomRightFlag
 .bss.topRightFlag
                0x20000156        0x1 Core\Src\main.o
                0x20000156                topRightFlag
 .bss.bottomLeftFlag
                0x20000157        0x1 Core\Src\main.o
                0x20000157                bottomLeftFlag
 .bss.topLeftFlag
                0x20000158        0x1 Core\Src\main.o
                0x20000158                topLeftFlag
 *fill*         0x20000159        0x3 
 .bss.sConfig   0x2000015c       0x10 Core\Src\main.o
                0x2000015c                sConfig
 .bss.outsideContaminationThreshold
                0x2000016c        0x4 Core\Src\main.o
                0x2000016c                outsideContaminationThreshold
 .bss.right_counter
                0x20000170        0x2 Core\Src\main.o
                0x20000170                right_counter
 .bss.middle_counter
                0x20000172        0x2 Core\Src\main.o
                0x20000172                middle_counter
 .bss.left_counter
                0x20000174        0x2 Core\Src\main.o
                0x20000174                left_counter
 *fill*         0x20000176        0x2 
 .bss.heap_end.7010
                0x20000178        0x4 Core\Src\syscalls.o
 .bss.__malloc_free_list
                0x2000017c        0x4 c:/program files (x86)/atollic/truestudio for stm32 9.3.0/armtools/bin/../lib/gcc/arm-atollic-eabi/6.3.1/../../../../arm-atollic-eabi/lib/armv7e-m/fpu\libc_nano.a(lib_a-nano-mallocr.o)
                0x2000017c                __malloc_free_list
 .bss.__malloc_sbrk_start
                0x20000180        0x4 c:/program files (x86)/atollic/truestudio for stm32 9.3.0/armtools/bin/../lib/gcc/arm-atollic-eabi/6.3.1/../../../../arm-atollic-eabi/lib/armv7e-m/fpu\libc_nano.a(lib_a-nano-mallocr.o)
                0x20000180                __malloc_sbrk_start
 *(COMMON)
 *fill*         0x20000184        0x4 
 COMMON         0x20000188      0x630 Core\Src\main.o
                0x20000188                dis4
                0x2000018c                echo1
                0x20000190                posRight0
                0x20000194                usr_msg
                0x200001f8                Ia
                0x200001fc                htim8
                0x2000023c                xValue
                0x20000240                RPMerrorB
                0x20000244                htim4
                0x20000284                tlast
                0x20000288                posLeft1
                0x2000028c                DutyA
                0x20000290                midA
                0x20000294                LeftFlag
                0x20000298                ultraReadingsBottom
                0x200002a4                rightFlag
                0x200002a8                pauseCheck
                0x200002ac                dis1
                0x200002b0                htim10
                0x200002f0                hi2c2
                0x20000344                RightPast
                0x20000348                right
                0x2000034c                Rx_data
                0x20000350                myAcc_ScaledData
                0x2000035c                ACCzValue
                0x20000360                positionToDoPrevious
                0x20000364                htim5
                0x200003a4                IntegrationSumA
                0x200003a8                dis2
                0x200003ac                htim3
                0x200003ec                EncoderB
                0x200003f0                left
                0x200003f4                posRight1
                0x200003f8                front
                0x200003fc                ACCyValue
                0x20000400                topFlag
                0x20000404                percentage
                0x20000408                echo3
                0x2000040c                hadc1
                0x20000454                analyses
                0x20000458                bottomPast
                0x2000045c                echo4
                0x20000460                hdma_usart1_rx
                0x200004c0                sensor3
                0x200004c4                positionToDo
                0x200004c8                pinIN
                0x200004cc                pos1
                0x200004d0                Ib
                0x200004d4                htim13
                0x20000514                huart1
                0x20000554                uartBuf
                0x200005b8                htim11
                0x200005f8                bottom
                0x200005fc                myGyro_RawData
                0x20000608                user_signal_time_periodA
                0x20000610                usr_msgB
                0x20000674                EncoderA
                0x20000678                htim1
                0x200006b8                LeftPast
                0x200006bc                DutyB
                0x200006c0                myAcc_RawData
                0x200006c8                delay
                0x200006cc                ACCxValue
                0x200006d0                dis3
                0x200006d4                tnow
                0x200006d8                midB
                0x200006dc                sensor5
                0x200006e0                ultraReadingsLeft
                0x200006ec                sensor4
                0x200006f0                sensor1
                0x200006f4                htim2
                0x20000734                posLeft0
                0x20000738                yValue
                0x2000073c                zValue
                0x20000740                RPMA
                0x20000744                RPMB
                0x20000748                huart2
                0x20000788                dt
                0x2000078c                pos0
                0x20000790                RPMerrorA
                0x20000794                echo2
                0x20000798                IntegrationSumB
                0x2000079c                sensor2
                0x200007a0                myGyro_ScaledData
                0x200007ac                ultraReadingsRight
 COMMON         0x200007b8        0x4 Drivers\STM32F4xx_HAL_Driver\Src\stm32f4xx_hal.o
                0x200007b8                uwTick
 COMMON         0x200007bc        0x4 c:/program files (x86)/atollic/truestudio for stm32 9.3.0/armtools/bin/../lib/gcc/arm-atollic-eabi/6.3.1/../../../../arm-atollic-eabi/lib/armv7e-m/fpu\libc_nano.a(lib_a-reent.o)
                0x200007bc                errno
                0x200007c0                . = ALIGN (0x4)
                0x200007c0                _ebss = .
                0x200007c0                __bss_end__ = _ebss

._user_heap_stack
                0x200007c0      0x600 load address 0x0800ca2c
                0x200007c0                . = ALIGN (0x4)
                0x200007c0                PROVIDE (end, .)
                [!provide]                PROVIDE (_end, .)
                0x200009c0                . = (. + _Min_Heap_Size)
 *fill*         0x200007c0      0x200 
                0x20000dc0                . = (. + _Min_Stack_Size)
 *fill*         0x200009c0      0x400 
                0x20000dc0                . = ALIGN (0x4)

/DISCARD/
 libc.a(*)
 libm.a(*)
 libgcc.a(*)

.ARM.attributes
                0x00000000       0x30
 *(.ARM.attributes)
 .ARM.attributes
                0x00000000       0x22 c:/program files (x86)/atollic/truestudio for stm32 9.3.0/armtools/bin/../lib/gcc/arm-atollic-eabi/6.3.1/armv7e-m/fpu/crti.o
 .ARM.attributes
                0x00000022       0x34 c:/program files (x86)/atollic/truestudio for stm32 9.3.0/armtools/bin/../lib/gcc/arm-atollic-eabi/6.3.1/armv7e-m/fpu/crtbegin.o
 .ARM.attributes
                0x00000056       0x39 Core\Src\TJ_MPU6050.o
 .ARM.attributes
                0x0000008f       0x39 Core\Src\main.o
 .ARM.attributes
                0x000000c8       0x39 Core\Src\stm32f4xx_hal_msp.o
 .ARM.attributes
                0x00000101       0x39 Core\Src\stm32f4xx_it.o
 .ARM.attributes
                0x0000013a       0x39 Core\Src\syscalls.o
 .ARM.attributes
                0x00000173       0x39 Core\Src\system_stm32f4xx.o
 .ARM.attributes
                0x000001ac       0x39 Drivers\STM32F4xx_HAL_Driver\Src\stm32f4xx_hal.o
 .ARM.attributes
                0x000001e5       0x39 Drivers\STM32F4xx_HAL_Driver\Src\stm32f4xx_hal_adc.o
 .ARM.attributes
                0x0000021e       0x39 Drivers\STM32F4xx_HAL_Driver\Src\stm32f4xx_hal_cortex.o
 .ARM.attributes
                0x00000257       0x39 Drivers\STM32F4xx_HAL_Driver\Src\stm32f4xx_hal_dma.o
 .ARM.attributes
                0x00000290       0x39 Drivers\STM32F4xx_HAL_Driver\Src\stm32f4xx_hal_gpio.o
 .ARM.attributes
                0x000002c9       0x39 Drivers\STM32F4xx_HAL_Driver\Src\stm32f4xx_hal_i2c.o
 .ARM.attributes
                0x00000302       0x39 Drivers\STM32F4xx_HAL_Driver\Src\stm32f4xx_hal_rcc.o
 .ARM.attributes
                0x0000033b       0x39 Drivers\STM32F4xx_HAL_Driver\Src\stm32f4xx_hal_rcc_ex.o
 .ARM.attributes
                0x00000374       0x39 Drivers\STM32F4xx_HAL_Driver\Src\stm32f4xx_hal_tim.o
 .ARM.attributes
                0x000003ad       0x39 Drivers\STM32F4xx_HAL_Driver\Src\stm32f4xx_hal_tim_ex.o
 .ARM.attributes
                0x000003e6       0x39 Drivers\STM32F4xx_HAL_Driver\Src\stm32f4xx_hal_uart.o
 .ARM.attributes
                0x0000041f       0x21 startup\startup_stm32f446xx.o
 .ARM.attributes
                0x00000440       0x34 c:/program files (x86)/atollic/truestudio for stm32 9.3.0/armtools/bin/../lib/gcc/arm-atollic-eabi/6.3.1/../../../../arm-atollic-eabi/lib/armv7e-m/fpu\libc_nano.a(lib_a-errno.o)
 .ARM.attributes
                0x00000474       0x34 c:/program files (x86)/atollic/truestudio for stm32 9.3.0/armtools/bin/../lib/gcc/arm-atollic-eabi/6.3.1/../../../../arm-atollic-eabi/lib/armv7e-m/fpu\libc_nano.a(lib_a-impure.o)
 .ARM.attributes
                0x000004a8       0x34 c:/program files (x86)/atollic/truestudio for stm32 9.3.0/armtools/bin/../lib/gcc/arm-atollic-eabi/6.3.1/../../../../arm-atollic-eabi/lib/armv7e-m/fpu\libc_nano.a(lib_a-init.o)
 .ARM.attributes
                0x000004dc       0x34 c:/program files (x86)/atollic/truestudio for stm32 9.3.0/armtools/bin/../lib/gcc/arm-atollic-eabi/6.3.1/../../../../arm-atollic-eabi/lib/armv7e-m/fpu\libc_nano.a(lib_a-memcpy-stub.o)
 .ARM.attributes
                0x00000510       0x34 c:/program files (x86)/atollic/truestudio for stm32 9.3.0/armtools/bin/../lib/gcc/arm-atollic-eabi/6.3.1/../../../../arm-atollic-eabi/lib/armv7e-m/fpu\libc_nano.a(lib_a-memset.o)
 .ARM.attributes
                0x00000544       0x34 c:/program files (x86)/atollic/truestudio for stm32 9.3.0/armtools/bin/../lib/gcc/arm-atollic-eabi/6.3.1/../../../../arm-atollic-eabi/lib/armv7e-m/fpu\libc_nano.a(lib_a-printf.o)
 .ARM.attributes
                0x00000578       0x34 c:/program files (x86)/atollic/truestudio for stm32 9.3.0/armtools/bin/../lib/gcc/arm-atollic-eabi/6.3.1/../../../../arm-atollic-eabi/lib/armv7e-m/fpu\libc_nano.a(lib_a-sprintf.o)
 .ARM.attributes
                0x000005ac       0x1b c:/program files (x86)/atollic/truestudio for stm32 9.3.0/armtools/bin/../lib/gcc/arm-atollic-eabi/6.3.1/../../../../arm-atollic-eabi/lib/armv7e-m/fpu\libc_nano.a(lib_a-strlen.o)
 .ARM.attributes
                0x000005c7       0x34 c:/program files (x86)/atollic/truestudio for stm32 9.3.0/armtools/bin/../lib/gcc/arm-atollic-eabi/6.3.1/../../../../arm-atollic-eabi/lib/armv7e-m/fpu\libc_nano.a(lib_a-findfp.o)
 .ARM.attributes
                0x000005fb       0x34 c:/program files (x86)/atollic/truestudio for stm32 9.3.0/armtools/bin/../lib/gcc/arm-atollic-eabi/6.3.1/../../../../arm-atollic-eabi/lib/armv7e-m/fpu\libc_nano.a(lib_a-fwalk.o)
 .ARM.attributes
                0x0000062f       0x34 c:/program files (x86)/atollic/truestudio for stm32 9.3.0/armtools/bin/../lib/gcc/arm-atollic-eabi/6.3.1/../../../../arm-atollic-eabi/lib/armv7e-m/fpu\libc_nano.a(lib_a-nano-mallocr.o)
 .ARM.attributes
                0x00000663       0x34 c:/program files (x86)/atollic/truestudio for stm32 9.3.0/armtools/bin/../lib/gcc/arm-atollic-eabi/6.3.1/../../../../arm-atollic-eabi/lib/armv7e-m/fpu\libc_nano.a(lib_a-nano-svfprintf.o)
 .ARM.attributes
                0x00000697       0x34 c:/program files (x86)/atollic/truestudio for stm32 9.3.0/armtools/bin/../lib/gcc/arm-atollic-eabi/6.3.1/../../../../arm-atollic-eabi/lib/armv7e-m/fpu\libc_nano.a(lib_a-nano-vfprintf.o)
 .ARM.attributes
                0x000006cb       0x34 c:/program files (x86)/atollic/truestudio for stm32 9.3.0/armtools/bin/../lib/gcc/arm-atollic-eabi/6.3.1/../../../../arm-atollic-eabi/lib/armv7e-m/fpu\libc_nano.a(lib_a-nano-vfprintf_i.o)
 .ARM.attributes
                0x000006ff       0x34 c:/program files (x86)/atollic/truestudio for stm32 9.3.0/armtools/bin/../lib/gcc/arm-atollic-eabi/6.3.1/../../../../arm-atollic-eabi/lib/armv7e-m/fpu\libc_nano.a(lib_a-sbrkr.o)
 .ARM.attributes
                0x00000733       0x34 c:/program files (x86)/atollic/truestudio for stm32 9.3.0/armtools/bin/../lib/gcc/arm-atollic-eabi/6.3.1/../../../../arm-atollic-eabi/lib/armv7e-m/fpu\libc_nano.a(lib_a-stdio.o)
 .ARM.attributes
                0x00000767       0x34 c:/program files (x86)/atollic/truestudio for stm32 9.3.0/armtools/bin/../lib/gcc/arm-atollic-eabi/6.3.1/../../../../arm-atollic-eabi/lib/armv7e-m/fpu\libc_nano.a(lib_a-wbuf.o)
 .ARM.attributes
                0x0000079b       0x34 c:/program files (x86)/atollic/truestudio for stm32 9.3.0/armtools/bin/../lib/gcc/arm-atollic-eabi/6.3.1/../../../../arm-atollic-eabi/lib/armv7e-m/fpu\libc_nano.a(lib_a-writer.o)
 .ARM.attributes
                0x000007cf       0x34 c:/program files (x86)/atollic/truestudio for stm32 9.3.0/armtools/bin/../lib/gcc/arm-atollic-eabi/6.3.1/../../../../arm-atollic-eabi/lib/armv7e-m/fpu\libc_nano.a(lib_a-wsetup.o)
 .ARM.attributes
                0x00000803       0x34 c:/program files (x86)/atollic/truestudio for stm32 9.3.0/armtools/bin/../lib/gcc/arm-atollic-eabi/6.3.1/../../../../arm-atollic-eabi/lib/armv7e-m/fpu\libc_nano.a(lib_a-closer.o)
 .ARM.attributes
                0x00000837       0x34 c:/program files (x86)/atollic/truestudio for stm32 9.3.0/armtools/bin/../lib/gcc/arm-atollic-eabi/6.3.1/../../../../arm-atollic-eabi/lib/armv7e-m/fpu\libc_nano.a(lib_a-fflush.o)
 .ARM.attributes
                0x0000086b       0x34 c:/program files (x86)/atollic/truestudio for stm32 9.3.0/armtools/bin/../lib/gcc/arm-atollic-eabi/6.3.1/../../../../arm-atollic-eabi/lib/armv7e-m/fpu\libc_nano.a(lib_a-lseekr.o)
 .ARM.attributes
                0x0000089f       0x34 c:/program files (x86)/atollic/truestudio for stm32 9.3.0/armtools/bin/../lib/gcc/arm-atollic-eabi/6.3.1/../../../../arm-atollic-eabi/lib/armv7e-m/fpu\libc_nano.a(lib_a-makebuf.o)
 .ARM.attributes
                0x000008d3       0x20 c:/program files (x86)/atollic/truestudio for stm32 9.3.0/armtools/bin/../lib/gcc/arm-atollic-eabi/6.3.1/../../../../arm-atollic-eabi/lib/armv7e-m/fpu\libc_nano.a(lib_a-memchr.o)
 .ARM.attributes
                0x000008f3       0x34 c:/program files (x86)/atollic/truestudio for stm32 9.3.0/armtools/bin/../lib/gcc/arm-atollic-eabi/6.3.1/../../../../arm-atollic-eabi/lib/armv7e-m/fpu\libc_nano.a(lib_a-memmove.o)
 .ARM.attributes
                0x00000927       0x34 c:/program files (x86)/atollic/truestudio for stm32 9.3.0/armtools/bin/../lib/gcc/arm-atollic-eabi/6.3.1/../../../../arm-atollic-eabi/lib/armv7e-m/fpu\libc_nano.a(lib_a-mlock.o)
 .ARM.attributes
                0x0000095b       0x34 c:/program files (x86)/atollic/truestudio for stm32 9.3.0/armtools/bin/../lib/gcc/arm-atollic-eabi/6.3.1/../../../../arm-atollic-eabi/lib/armv7e-m/fpu\libc_nano.a(lib_a-nano-freer.o)
 .ARM.attributes
                0x0000098f       0x34 c:/program files (x86)/atollic/truestudio for stm32 9.3.0/armtools/bin/../lib/gcc/arm-atollic-eabi/6.3.1/../../../../arm-atollic-eabi/lib/armv7e-m/fpu\libc_nano.a(lib_a-nano-reallocr.o)
 .ARM.attributes
                0x000009c3       0x34 c:/program files (x86)/atollic/truestudio for stm32 9.3.0/armtools/bin/../lib/gcc/arm-atollic-eabi/6.3.1/../../../../arm-atollic-eabi/lib/armv7e-m/fpu\libc_nano.a(lib_a-readr.o)
 .ARM.attributes
                0x000009f7       0x34 c:/program files (x86)/atollic/truestudio for stm32 9.3.0/armtools/bin/../lib/gcc/arm-atollic-eabi/6.3.1/../../../../arm-atollic-eabi/lib/armv7e-m/fpu\libc_nano.a(lib_a-reent.o)
 .ARM.attributes
                0x00000a2b       0x34 c:/program files (x86)/atollic/truestudio for stm32 9.3.0/armtools/bin/../lib/gcc/arm-atollic-eabi/6.3.1/../../../../arm-atollic-eabi/lib/armv7e-m/fpu\libc_nano.a(lib_a-fstatr.o)
 .ARM.attributes
                0x00000a5f       0x34 c:/program files (x86)/atollic/truestudio for stm32 9.3.0/armtools/bin/../lib/gcc/arm-atollic-eabi/6.3.1/../../../../arm-atollic-eabi/lib/armv7e-m/fpu\libc_nano.a(lib_a-isattyr.o)
 .ARM.attributes
                0x00000a93       0x34 c:/program files (x86)/atollic/truestudio for stm32 9.3.0/armtools/bin/../lib/gcc/arm-atollic-eabi/6.3.1/../../../../arm-atollic-eabi/lib/armv7e-m/fpu\libc_nano.a(lib_a-nano-msizer.o)
 .ARM.attributes
                0x00000ac7       0x22 c:/program files (x86)/atollic/truestudio for stm32 9.3.0/armtools/bin/../lib/gcc/arm-atollic-eabi/6.3.1/armv7e-m/fpu\libgcc.a(_arm_addsubdf3.o)
 .ARM.attributes
                0x00000ae9       0x22 c:/program files (x86)/atollic/truestudio for stm32 9.3.0/armtools/bin/../lib/gcc/arm-atollic-eabi/6.3.1/armv7e-m/fpu\libgcc.a(_arm_muldivdf3.o)
 .ARM.attributes
                0x00000b0b       0x22 c:/program files (x86)/atollic/truestudio for stm32 9.3.0/armtools/bin/../lib/gcc/arm-atollic-eabi/6.3.1/armv7e-m/fpu\libgcc.a(_arm_truncdfsf2.o)
 .ARM.attributes
                0x00000b2d       0x22 c:/program files (x86)/atollic/truestudio for stm32 9.3.0/armtools/bin/../lib/gcc/arm-atollic-eabi/6.3.1/armv7e-m/fpu\libgcc.a(_aeabi_uldivmod.o)
 .ARM.attributes
                0x00000b4f       0x34 c:/program files (x86)/atollic/truestudio for stm32 9.3.0/armtools/bin/../lib/gcc/arm-atollic-eabi/6.3.1/armv7e-m/fpu\libgcc.a(_udivmoddi4.o)
 .ARM.attributes
                0x00000b83       0x22 c:/program files (x86)/atollic/truestudio for stm32 9.3.0/armtools/bin/../lib/gcc/arm-atollic-eabi/6.3.1/armv7e-m/fpu\libgcc.a(_dvmd_tls.o)
 .ARM.attributes
                0x00000ba5       0x22 c:/program files (x86)/atollic/truestudio for stm32 9.3.0/armtools/bin/../lib/gcc/arm-atollic-eabi/6.3.1/armv7e-m/fpu/crtn.o
OUTPUT(SensorsWithPath.elf elf32-littlearm)

.debug_info     0x00000000    0x12f50
 .debug_info    0x00000000     0x13f9 Core\Src\TJ_MPU6050.o
 .debug_info    0x000013f9     0x2f9c Core\Src\main.o
 .debug_info    0x00004395     0x1762 Core\Src\stm32f4xx_hal_msp.o
 .debug_info    0x00005af7      0x95a Core\Src\stm32f4xx_it.o
 .debug_info    0x00006451      0xf16 Core\Src\syscalls.o
 .debug_info    0x00007367      0x58a Core\Src\system_stm32f4xx.o
 .debug_info    0x000078f1      0x996 Drivers\STM32F4xx_HAL_Driver\Src\stm32f4xx_hal.o
 .debug_info    0x00008287      0xceb Drivers\STM32F4xx_HAL_Driver\Src\stm32f4xx_hal_adc.o
 .debug_info    0x00008f72      0xe46 Drivers\STM32F4xx_HAL_Driver\Src\stm32f4xx_hal_cortex.o
 .debug_info    0x00009db8      0x964 Drivers\STM32F4xx_HAL_Driver\Src\stm32f4xx_hal_dma.o
 .debug_info    0x0000a71c      0x802 Drivers\STM32F4xx_HAL_Driver\Src\stm32f4xx_hal_gpio.o
 .debug_info    0x0000af1e     0x242f Drivers\STM32F4xx_HAL_Driver\Src\stm32f4xx_hal_i2c.o
 .debug_info    0x0000d34d      0x943 Drivers\STM32F4xx_HAL_Driver\Src\stm32f4xx_hal_rcc.o
 .debug_info    0x0000dc90      0x9d4 Drivers\STM32F4xx_HAL_Driver\Src\stm32f4xx_hal_rcc_ex.o
 .debug_info    0x0000e664     0x24a4 Drivers\STM32F4xx_HAL_Driver\Src\stm32f4xx_hal_tim.o
 .debug_info    0x00010b08     0x1153 Drivers\STM32F4xx_HAL_Driver\Src\stm32f4xx_hal_tim_ex.o
 .debug_info    0x00011c5b     0x1249 Drivers\STM32F4xx_HAL_Driver\Src\stm32f4xx_hal_uart.o
 .debug_info    0x00012ea4       0xac startup\startup_stm32f446xx.o

.debug_abbrev   0x00000000     0x2369
 .debug_abbrev  0x00000000      0x21e Core\Src\TJ_MPU6050.o
 .debug_abbrev  0x0000021e      0x2fe Core\Src\main.o
 .debug_abbrev  0x0000051c      0x1d7 Core\Src\stm32f4xx_hal_msp.o
 .debug_abbrev  0x000006f3      0x16b Core\Src\stm32f4xx_it.o
 .debug_abbrev  0x0000085e      0x271 Core\Src\syscalls.o
 .debug_abbrev  0x00000acf      0x126 Core\Src\system_stm32f4xx.o
 .debug_abbrev  0x00000bf5      0x1c2 Drivers\STM32F4xx_HAL_Driver\Src\stm32f4xx_hal.o
 .debug_abbrev  0x00000db7      0x200 Drivers\STM32F4xx_HAL_Driver\Src\stm32f4xx_hal_adc.o
 .debug_abbrev  0x00000fb7      0x2f5 Drivers\STM32F4xx_HAL_Driver\Src\stm32f4xx_hal_cortex.o
 .debug_abbrev  0x000012ac      0x224 Drivers\STM32F4xx_HAL_Driver\Src\stm32f4xx_hal_dma.o
 .debug_abbrev  0x000014d0      0x1c4 Drivers\STM32F4xx_HAL_Driver\Src\stm32f4xx_hal_gpio.o
 .debug_abbrev  0x00001694      0x24f Drivers\STM32F4xx_HAL_Driver\Src\stm32f4xx_hal_i2c.o
 .debug_abbrev  0x000018e3      0x240 Drivers\STM32F4xx_HAL_Driver\Src\stm32f4xx_hal_rcc.o
 .debug_abbrev  0x00001b23      0x1b7 Drivers\STM32F4xx_HAL_Driver\Src\stm32f4xx_hal_rcc_ex.o
 .debug_abbrev  0x00001cda      0x229 Drivers\STM32F4xx_HAL_Driver\Src\stm32f4xx_hal_tim.o
 .debug_abbrev  0x00001f03      0x217 Drivers\STM32F4xx_HAL_Driver\Src\stm32f4xx_hal_tim_ex.o
 .debug_abbrev  0x0000211a      0x23d Drivers\STM32F4xx_HAL_Driver\Src\stm32f4xx_hal_uart.o
 .debug_abbrev  0x00002357       0x12 startup\startup_stm32f446xx.o

.debug_aranges  0x00000000     0x1238
 .debug_aranges
                0x00000000       0x88 Core\Src\TJ_MPU6050.o
 .debug_aranges
                0x00000088      0x180 Core\Src\main.o
 .debug_aranges
                0x00000208       0x68 Core\Src\stm32f4xx_hal_msp.o
 .debug_aranges
                0x00000270       0x88 Core\Src\stm32f4xx_it.o
 .debug_aranges
                0x000002f8       0xb0 Core\Src\syscalls.o
 .debug_aranges
                0x000003a8       0x28 Core\Src\system_stm32f4xx.o
 .debug_aranges
                0x000003d0       0xf0 Drivers\STM32F4xx_HAL_Driver\Src\stm32f4xx_hal.o
 .debug_aranges
                0x000004c0       0xe8 Drivers\STM32F4xx_HAL_Driver\Src\stm32f4xx_hal_adc.o
 .debug_aranges
                0x000005a8      0x118 Drivers\STM32F4xx_HAL_Driver\Src\stm32f4xx_hal_cortex.o
 .debug_aranges
                0x000006c0       0x90 Drivers\STM32F4xx_HAL_Driver\Src\stm32f4xx_hal_dma.o
 .debug_aranges
                0x00000750       0x58 Drivers\STM32F4xx_HAL_Driver\Src\stm32f4xx_hal_gpio.o
 .debug_aranges
                0x000007a8      0x2a0 Drivers\STM32F4xx_HAL_Driver\Src\stm32f4xx_hal_i2c.o
 .debug_aranges
                0x00000a48       0x88 Drivers\STM32F4xx_HAL_Driver\Src\stm32f4xx_hal_rcc.o
 .debug_aranges
                0x00000ad0       0x78 Drivers\STM32F4xx_HAL_Driver\Src\stm32f4xx_hal_rcc_ex.o
 .debug_aranges
                0x00000b48      0x3a8 Drivers\STM32F4xx_HAL_Driver\Src\stm32f4xx_hal_tim.o
 .debug_aranges
                0x00000ef0      0x150 Drivers\STM32F4xx_HAL_Driver\Src\stm32f4xx_hal_tim_ex.o
 .debug_aranges
                0x00001040      0x1d0 Drivers\STM32F4xx_HAL_Driver\Src\stm32f4xx_hal_uart.o
 .debug_aranges
                0x00001210       0x28 startup\startup_stm32f446xx.o

.debug_ranges   0x00000000     0x1148
 .debug_ranges  0x00000000       0x78 Core\Src\TJ_MPU6050.o
 .debug_ranges  0x00000078      0x170 Core\Src\main.o
 .debug_ranges  0x000001e8       0x58 Core\Src\stm32f4xx_hal_msp.o
 .debug_ranges  0x00000240       0x78 Core\Src\stm32f4xx_it.o
 .debug_ranges  0x000002b8       0xa0 Core\Src\syscalls.o
 .debug_ranges  0x00000358       0x18 Core\Src\system_stm32f4xx.o
 .debug_ranges  0x00000370       0xe0 Drivers\STM32F4xx_HAL_Driver\Src\stm32f4xx_hal.o
 .debug_ranges  0x00000450       0xd8 Drivers\STM32F4xx_HAL_Driver\Src\stm32f4xx_hal_adc.o
 .debug_ranges  0x00000528      0x108 Drivers\STM32F4xx_HAL_Driver\Src\stm32f4xx_hal_cortex.o
 .debug_ranges  0x00000630       0x80 Drivers\STM32F4xx_HAL_Driver\Src\stm32f4xx_hal_dma.o
 .debug_ranges  0x000006b0       0x48 Drivers\STM32F4xx_HAL_Driver\Src\stm32f4xx_hal_gpio.o
 .debug_ranges  0x000006f8      0x2b8 Drivers\STM32F4xx_HAL_Driver\Src\stm32f4xx_hal_i2c.o
 .debug_ranges  0x000009b0       0x78 Drivers\STM32F4xx_HAL_Driver\Src\stm32f4xx_hal_rcc.o
 .debug_ranges  0x00000a28       0x68 Drivers\STM32F4xx_HAL_Driver\Src\stm32f4xx_hal_rcc_ex.o
 .debug_ranges  0x00000a90      0x398 Drivers\STM32F4xx_HAL_Driver\Src\stm32f4xx_hal_tim.o
 .debug_ranges  0x00000e28      0x140 Drivers\STM32F4xx_HAL_Driver\Src\stm32f4xx_hal_tim_ex.o
 .debug_ranges  0x00000f68      0x1c0 Drivers\STM32F4xx_HAL_Driver\Src\stm32f4xx_hal_uart.o
 .debug_ranges  0x00001128       0x20 startup\startup_stm32f446xx.o

.debug_line     0x00000000     0x89d6
 .debug_line    0x00000000      0x473 Core\Src\TJ_MPU6050.o
 .debug_line    0x00000473     0x1384 Core\Src\main.o
 .debug_line    0x000017f7      0x477 Core\Src\stm32f4xx_hal_msp.o
 .debug_line    0x00001c6e      0x333 Core\Src\stm32f4xx_it.o
 .debug_line    0x00001fa1      0x3dd Core\Src\syscalls.o
 .debug_line    0x0000237e      0x20f Core\Src\system_stm32f4xx.o
 .debug_line    0x0000258d      0x41f Drivers\STM32F4xx_HAL_Driver\Src\stm32f4xx_hal.o
 .debug_line    0x000029ac      0x6b4 Drivers\STM32F4xx_HAL_Driver\Src\stm32f4xx_hal_adc.o
 .debug_line    0x00003060      0x553 Drivers\STM32F4xx_HAL_Driver\Src\stm32f4xx_hal_cortex.o
 .debug_line    0x000035b3      0x504 Drivers\STM32F4xx_HAL_Driver\Src\stm32f4xx_hal_dma.o
 .debug_line    0x00003ab7      0x402 Drivers\STM32F4xx_HAL_Driver\Src\stm32f4xx_hal_gpio.o
 .debug_line    0x00003eb9     0x16fb Drivers\STM32F4xx_HAL_Driver\Src\stm32f4xx_hal_i2c.o
 .debug_line    0x000055b4      0x4c0 Drivers\STM32F4xx_HAL_Driver\Src\stm32f4xx_hal_rcc.o
 .debug_line    0x00005a74      0x645 Drivers\STM32F4xx_HAL_Driver\Src\stm32f4xx_hal_rcc_ex.o
 .debug_line    0x000060b9     0x14c6 Drivers\STM32F4xx_HAL_Driver\Src\stm32f4xx_hal_tim.o
 .debug_line    0x0000757f      0x87d Drivers\STM32F4xx_HAL_Driver\Src\stm32f4xx_hal_tim_ex.o
 .debug_line    0x00007dfc      0xb5c Drivers\STM32F4xx_HAL_Driver\Src\stm32f4xx_hal_uart.o
 .debug_line    0x00008958       0x7e startup\startup_stm32f446xx.o

.debug_str      0x00000000     0x5d73
 .debug_str     0x00000000      0xe90 Core\Src\TJ_MPU6050.o
                                0xfe0 (size before relaxing)
 .debug_str     0x00000e90     0x17d1 Core\Src\main.o
                               0x25bb (size before relaxing)
 .debug_str     0x00002661       0xe8 Core\Src\stm32f4xx_hal_msp.o
                               0x147b (size before relaxing)
 .debug_str     0x00002749      0x10a Core\Src\stm32f4xx_it.o
                                0x9c4 (size before relaxing)
 .debug_str     0x00002853      0x239 Core\Src\syscalls.o
                                0x88d (size before relaxing)
 .debug_str     0x00002a8c       0xaf Core\Src\system_stm32f4xx.o
                                0x485 (size before relaxing)
 .debug_str     0x00002b3b      0x2b1 Drivers\STM32F4xx_HAL_Driver\Src\stm32f4xx_hal.o
                                0xc13 (size before relaxing)
 .debug_str     0x00002dec      0x295 Drivers\STM32F4xx_HAL_Driver\Src\stm32f4xx_hal_adc.o
                                0xa0c (size before relaxing)
 .debug_str     0x00003081      0x492 Drivers\STM32F4xx_HAL_Driver\Src\stm32f4xx_hal_cortex.o
                                0xd72 (size before relaxing)
 .debug_str     0x00003513      0x30e Drivers\STM32F4xx_HAL_Driver\Src\stm32f4xx_hal_dma.o
                                0x871 (size before relaxing)
 .debug_str     0x00003821      0x138 Drivers\STM32F4xx_HAL_Driver\Src\stm32f4xx_hal_gpio.o
                                0x61c (size before relaxing)
 .debug_str     0x00003959      0x88d Drivers\STM32F4xx_HAL_Driver\Src\stm32f4xx_hal_i2c.o
                               0x10d7 (size before relaxing)
 .debug_str     0x000041e6      0x1ae Drivers\STM32F4xx_HAL_Driver\Src\stm32f4xx_hal_rcc.o
                                0x7d8 (size before relaxing)
 .debug_str     0x00004394      0x347 Drivers\STM32F4xx_HAL_Driver\Src\stm32f4xx_hal_rcc_ex.o
                                0x8de (size before relaxing)
 .debug_str     0x000046db      0xc7a Drivers\STM32F4xx_HAL_Driver\Src\stm32f4xx_hal_tim.o
                               0x1581 (size before relaxing)
 .debug_str     0x00005355      0x52f Drivers\STM32F4xx_HAL_Driver\Src\stm32f4xx_hal_tim_ex.o
                                0xd81 (size before relaxing)
 .debug_str     0x00005884      0x4ef Drivers\STM32F4xx_HAL_Driver\Src\stm32f4xx_hal_uart.o
                                0xcc1 (size before relaxing)

.comment        0x00000000       0x7c
 .comment       0x00000000       0x7c Core\Src\TJ_MPU6050.o
                                 0x7d (size before relaxing)
 .comment       0x0000007c       0x7d Core\Src\main.o
 .comment       0x0000007c       0x7d Core\Src\stm32f4xx_hal_msp.o
 .comment       0x0000007c       0x7d Core\Src\stm32f4xx_it.o
 .comment       0x0000007c       0x7d Core\Src\syscalls.o
 .comment       0x0000007c       0x7d Core\Src\system_stm32f4xx.o
 .comment       0x0000007c       0x7d Drivers\STM32F4xx_HAL_Driver\Src\stm32f4xx_hal.o
 .comment       0x0000007c       0x7d Drivers\STM32F4xx_HAL_Driver\Src\stm32f4xx_hal_adc.o
 .comment       0x0000007c       0x7d Drivers\STM32F4xx_HAL_Driver\Src\stm32f4xx_hal_cortex.o
 .comment       0x0000007c       0x7d Drivers\STM32F4xx_HAL_Driver\Src\stm32f4xx_hal_dma.o
 .comment       0x0000007c       0x7d Drivers\STM32F4xx_HAL_Driver\Src\stm32f4xx_hal_gpio.o
 .comment       0x0000007c       0x7d Drivers\STM32F4xx_HAL_Driver\Src\stm32f4xx_hal_i2c.o
 .comment       0x0000007c       0x7d Drivers\STM32F4xx_HAL_Driver\Src\stm32f4xx_hal_rcc.o
 .comment       0x0000007c       0x7d Drivers\STM32F4xx_HAL_Driver\Src\stm32f4xx_hal_rcc_ex.o
 .comment       0x0000007c       0x7d Drivers\STM32F4xx_HAL_Driver\Src\stm32f4xx_hal_tim.o
 .comment       0x0000007c       0x7d Drivers\STM32F4xx_HAL_Driver\Src\stm32f4xx_hal_tim_ex.o
 .comment       0x0000007c       0x7d Drivers\STM32F4xx_HAL_Driver\Src\stm32f4xx_hal_uart.o

.debug_frame    0x00000000     0x579c
 .debug_frame   0x00000000      0x210 Core\Src\TJ_MPU6050.o
 .debug_frame   0x00000210      0x614 Core\Src\main.o
 .debug_frame   0x00000824      0x17c Core\Src\stm32f4xx_hal_msp.o
 .debug_frame   0x000009a0      0x198 Core\Src\stm32f4xx_it.o
 .debug_frame   0x00000b38      0x2d4 Core\Src\syscalls.o
 .debug_frame   0x00000e0c       0x58 Core\Src\system_stm32f4xx.o
 .debug_frame   0x00000e64      0x374 Drivers\STM32F4xx_HAL_Driver\Src\stm32f4xx_hal.o
 .debug_frame   0x000011d8      0x400 Drivers\STM32F4xx_HAL_Driver\Src\stm32f4xx_hal_adc.o
 .debug_frame   0x000015d8      0x498 Drivers\STM32F4xx_HAL_Driver\Src\stm32f4xx_hal_cortex.o
 .debug_frame   0x00001a70      0x250 Drivers\STM32F4xx_HAL_Driver\Src\stm32f4xx_hal_dma.o
 .debug_frame   0x00001cc0      0x14c Drivers\STM32F4xx_HAL_Driver\Src\stm32f4xx_hal_gpio.o
 .debug_frame   0x00001e0c      0xc5c Drivers\STM32F4xx_HAL_Driver\Src\stm32f4xx_hal_i2c.o
 .debug_frame   0x00002a68      0x1f8 Drivers\STM32F4xx_HAL_Driver\Src\stm32f4xx_hal_rcc.o
 .debug_frame   0x00002c60      0x1e8 Drivers\STM32F4xx_HAL_Driver\Src\stm32f4xx_hal_rcc_ex.o
 .debug_frame   0x00002e48     0x10f0 Drivers\STM32F4xx_HAL_Driver\Src\stm32f4xx_hal_tim.o
 .debug_frame   0x00003f38      0x5c0 Drivers\STM32F4xx_HAL_Driver\Src\stm32f4xx_hal_tim_ex.o
 .debug_frame   0x000044f8      0x844 Drivers\STM32F4xx_HAL_Driver\Src\stm32f4xx_hal_uart.o
 .debug_frame   0x00004d3c       0x20 c:/program files (x86)/atollic/truestudio for stm32 9.3.0/armtools/bin/../lib/gcc/arm-atollic-eabi/6.3.1/../../../../arm-atollic-eabi/lib/armv7e-m/fpu\libc_nano.a(lib_a-errno.o)
 .debug_frame   0x00004d5c       0x2c c:/program files (x86)/atollic/truestudio for stm32 9.3.0/armtools/bin/../lib/gcc/arm-atollic-eabi/6.3.1/../../../../arm-atollic-eabi/lib/armv7e-m/fpu\libc_nano.a(lib_a-init.o)
 .debug_frame   0x00004d88       0x28 c:/program files (x86)/atollic/truestudio for stm32 9.3.0/armtools/bin/../lib/gcc/arm-atollic-eabi/6.3.1/../../../../arm-atollic-eabi/lib/armv7e-m/fpu\libc_nano.a(lib_a-memcpy-stub.o)
 .debug_frame   0x00004db0       0x20 c:/program files (x86)/atollic/truestudio for stm32 9.3.0/armtools/bin/../lib/gcc/arm-atollic-eabi/6.3.1/../../../../arm-atollic-eabi/lib/armv7e-m/fpu\libc_nano.a(lib_a-memset.o)
 .debug_frame   0x00004dd0       0x74 c:/program files (x86)/atollic/truestudio for stm32 9.3.0/armtools/bin/../lib/gcc/arm-atollic-eabi/6.3.1/../../../../arm-atollic-eabi/lib/armv7e-m/fpu\libc_nano.a(lib_a-printf.o)