main.c:318:6:HAL_UART_RxCpltCallback	16	static
main.c:338:5:main	16	static
main.c:2513:6:SystemClock_Config	88	static
main.c:2559:13:MX_ADC1_Init	8	static
main.c:2609:13:MX_I2C2_Init	8	static
main.c:2643:13:MX_TIM1_Init	56	static
main.c:2705:13:MX_TIM2_Init	48	static
main.c:2763:13:MX_TIM3_Init	56	static
main.c:2824:13:MX_TIM4_Init	56	static
main.c:2885:13:MX_TIM5_Init	48	static
main.c:2943:13:MX_TIM8_Init	56	static
main.c:3005:13:MX_TIM10_Init	40	static
main.c:3051:13:MX_TIM11_Init	40	static
main.c:3097:13:MX_TIM13_Init	40	static
main.c:3143:13:MX_USART1_UART_Init	8	static
main.c:3176:13:MX_USART2_UART_Init	8	static
main.c:3207:13:MX_DMA_Init	16	static
main.c:3225:13:MX_GPIO_Init	48	static
main.c:3280:6:readUltrasonicDistance	104	static
main.c:3302:6:HAL_TIM_IC_CaptureCallback	328	static
main.c:3446:6:HAL_GPIO_EXTI_Callback	16	static
main.c:3460:5:positionScan	4	static
main.c:3513:6:moveForward	8	static
main.c:3522:6:stop	8	static
main.c:3532:6:moveReverse	8	static
main.c:3541:6:turnRightTrack	8	static
main.c:3550:6:turnLeftTrack	8	static
main.c:3559:6:turnRightTrackReverse	8	static
main.c:3568:6:turnLeftTrackReverse	8	static
main.c:3577:6:UARTposition	16	static
main.c:3631:6:UARTposition2	16	static
main.c:3685:6:UARTLeft	16	static
main.c:3689:6:UARTRight	16	static
main.c:3693:6:UARTFront	16	static
main.c:3697:6:UARTBottom	16	static
main.c:3701:6:UARTContaminationFound	8	static
main.c:3705:6:UARTContaminationNOTFound	8	static
main.c:3709:6:RPMCheck	48	static
main.c:3779:6:filterBottom	4	static
main.c:3846:6:filterRight	4	static
main.c:3913:6:filterLeft	4	static
main.c:3981:6:readContamination	24	static
main.c:4035:6:readAccelerometer	40	static
main.c:4051:6:cleaningAction	8	static
main.c:4139:6:Error_Handler	4	static
